Component: ARM Compiler 5.06 update 5 (build 528) Tool: armlink [4d35e2]

==============================================================================

Section Cross References

    main.o(i.main) refers to system_stm32f10x.o(i.SystemInit) for SystemInit
    main.o(i.main) refers to systerm_init.o(i.SYSTERM_INIT) for SYSTERM_INIT
    main.o(i.main) refers to oled.o(i.OLED_Init) for OLED_Init
    main.o(i.main) refers to oled.o(i.OLED_ColorTurn) for OLED_ColorTurn
    main.o(i.main) refers to oled.o(i.OLED_DisplayTurn) for OLED_DisplayTurn
    main.o(i.main) refers to oled.o(i.OLED_Clear) for OLED_Clear
    main.o(i.main) refers to bluetooth.o(i.BLUE_POWER_OPEN) for BLUE_POWER_OPEN
    main.o(i.main) refers to systerm_init.o(i.Deveice_Display) for Deveice_Display
    main.o(i.main) refers to nb.o(i.NB_INIT) for NB_INIT
    main.o(i.main) refers to communication_to_app.o(i.KEY_Set_Blue_S_Mode) for KEY_Set_Blue_S_Mode
    main.o(i.main) refers to communication_to_app.o(i.APP_To_BlueScan) for APP_To_BlueScan
    main.o(i.main) refers to communication_to_app.o(i.Determine_Deveice) for Determine_Deveice
    main.o(i.main) refers to communication_to_app.o(i.JZQ_Write_NAME_MAC) for JZQ_Write_NAME_MAC
    main.o(i.main) refers to nb.o(i.NB_UPDATE_DATA) for NB_UPDATE_DATA
    main.o(i.main) refers to stm32f10x_gpio.o(i.GPIO_ReadInputDataBit) for GPIO_ReadInputDataBit
    main.o(i.main) refers to oled.o(i.OLED_Display_GB2312_string) for OLED_Display_GB2312_string
    main.o(i.main) refers to bluetooth.o(.data) for BlueConnectStruct
    stm32f10x_it.o(i.SysTick_Handler) refers to stm32f10x_it.o(i.TimingDelay_Decrement) for TimingDelay_Decrement
    stm32f10x_it.o(i.TimingDelay_Decrement) refers to stm32f10x_it.o(.data) for TimingDelay
    system_stm32f10x.o(i.SetSysClock) refers to system_stm32f10x.o(i.SetSysClockTo48) for SetSysClockTo48
    system_stm32f10x.o(i.SystemCoreClockUpdate) refers to system_stm32f10x.o(.data) for SystemCoreClock
    system_stm32f10x.o(i.SystemInit) refers to system_stm32f10x.o(i.SetSysClock) for SetSysClock
    delay.o(i.delay_init) refers to misc.o(i.SysTick_CLKSourceConfig) for SysTick_CLKSourceConfig
    delay.o(i.delay_init) refers to system_stm32f10x.o(.data) for SystemCoreClock
    delay.o(i.delay_init) refers to delay.o(.data) for fac_us
    delay.o(i.delay_ms) refers to delay.o(.data) for fac_ms
    delay.o(i.delay_s) refers to delay.o(i.delay_ms) for delay_ms
    delay.o(i.delay_us) refers to delay.o(.data) for fac_us
    startup_stm32f10x_hd.o(RESET) refers to startup_stm32f10x_hd.o(STACK) for __initial_sp
    startup_stm32f10x_hd.o(RESET) refers to startup_stm32f10x_hd.o(.text) for Reset_Handler
    startup_stm32f10x_hd.o(RESET) refers to stm32f10x_it.o(i.NMI_Handler) for NMI_Handler
    startup_stm32f10x_hd.o(RESET) refers to stm32f10x_it.o(i.HardFault_Handler) for HardFault_Handler
    startup_stm32f10x_hd.o(RESET) refers to stm32f10x_it.o(i.MemManage_Handler) for MemManage_Handler
    startup_stm32f10x_hd.o(RESET) refers to stm32f10x_it.o(i.BusFault_Handler) for BusFault_Handler
    startup_stm32f10x_hd.o(RESET) refers to stm32f10x_it.o(i.UsageFault_Handler) for UsageFault_Handler
    startup_stm32f10x_hd.o(RESET) refers to stm32f10x_it.o(i.SVC_Handler) for SVC_Handler
    startup_stm32f10x_hd.o(RESET) refers to stm32f10x_it.o(i.DebugMon_Handler) for DebugMon_Handler
    startup_stm32f10x_hd.o(RESET) refers to stm32f10x_it.o(i.PendSV_Handler) for PendSV_Handler
    startup_stm32f10x_hd.o(RESET) refers to stm32f10x_it.o(i.SysTick_Handler) for SysTick_Handler
    startup_stm32f10x_hd.o(RESET) refers to rtc.o(i.RTC_IRQHandler) for RTC_IRQHandler
    startup_stm32f10x_hd.o(RESET) refers to nb_time.o(i.TIM3_IRQHandler) for TIM3_IRQHandler
    startup_stm32f10x_hd.o(RESET) refers to blue_time.o(i.TIM4_IRQHandler) for TIM4_IRQHandler
    startup_stm32f10x_hd.o(RESET) refers to usart.o(i.USART1_IRQHandler) for USART1_IRQHandler
    startup_stm32f10x_hd.o(RESET) refers to usart.o(i.USART2_IRQHandler) for USART2_IRQHandler
    startup_stm32f10x_hd.o(RESET) refers to usart.o(i.USART3_IRQHandler) for USART3_IRQHandler
    startup_stm32f10x_hd.o(RESET) refers to rtc.o(i.RTCAlarm_IRQHandler) for RTCAlarm_IRQHandler
    startup_stm32f10x_hd.o(.text) refers to entry.o(.ARM.Collect$$$$00000000) for __main
    stm32f10x_adc.o(i.ADC_DeInit) refers to stm32f10x_rcc.o(i.RCC_APB2PeriphResetCmd) for RCC_APB2PeriphResetCmd
    stm32f10x_bkp.o(i.BKP_DeInit) refers to stm32f10x_rcc.o(i.RCC_BackupResetCmd) for RCC_BackupResetCmd
    stm32f10x_can.o(i.CAN_DeInit) refers to stm32f10x_rcc.o(i.RCC_APB1PeriphResetCmd) for RCC_APB1PeriphResetCmd
    stm32f10x_can.o(i.CAN_GetITStatus) refers to stm32f10x_can.o(i.CheckITStatus) for CheckITStatus
    stm32f10x_cec.o(i.CEC_DeInit) refers to stm32f10x_rcc.o(i.RCC_APB1PeriphResetCmd) for RCC_APB1PeriphResetCmd
    stm32f10x_dac.o(i.DAC_DeInit) refers to stm32f10x_rcc.o(i.RCC_APB1PeriphResetCmd) for RCC_APB1PeriphResetCmd
[...]
    i.FLASH_ProgramHalfWord                  0x080014b8   Section        0  stm32f10x_flash.o(i.FLASH_ProgramHalfWord)
    i.FLASH_Unlock                           0x080014f8   Section        0  stm32f10x_flash.o(i.FLASH_Unlock)
    i.FLASH_WaitForLastOperation             0x08001510   Section        0  stm32f10x_flash.o(i.FLASH_WaitForLastOperation)
    i.GPIO_Init                              0x08001536   Section        0  stm32f10x_gpio.o(i.GPIO_Init)
    i.GPIO_PinRemapConfig                    0x0800164c   Section        0  stm32f10x_gpio.o(i.GPIO_PinRemapConfig)
    i.GPIO_ReadInputDataBit                  0x080016dc   Section        0  stm32f10x_gpio.o(i.GPIO_ReadInputDataBit)
    i.GPIO_ResetBits                         0x080016ee   Section        0  stm32f10x_gpio.o(i.GPIO_ResetBits)
    i.GPIO_SetBits                           0x080016f2   Section        0  stm32f10x_gpio.o(i.GPIO_SetBits)
    i.GTM_ConversionUTC                      0x080016f8   Section        0  nb.o(i.GTM_ConversionUTC)
    i.Get_data_from_ROM                      0x08001778   Section        0  oled.o(i.Get_data_from_ROM)
    i.HEXArrayToStringArray                  0x080017bc   Section        0  bluedata_deal.o(i.HEXArrayToStringArray)
    i.HardFault_Handler                      0x0800180c   Section        0  stm32f10x_it.o(i.HardFault_Handler)
    i.Is_Leap_Year                           0x08001810   Section        0  rtc.o(i.Is_Leap_Year)
    i.JZQ_Write_NAME_MAC                     0x0800184c   Section        0  communication_to_app.o(i.JZQ_Write_NAME_MAC)
    i.KEY_GPIO_Init                          0x080018c0   Section        0  key.o(i.KEY_GPIO_Init)
    i.KEY_Scan                               0x080018ec   Section        0  key.o(i.KEY_Scan)
    i.KEY_Set_Blue_S_Mode                    0x08001990   Section        0  communication_to_app.o(i.KEY_Set_Blue_S_Mode)
    i.LED_GPIO_Init                          0x08001a18   Section        0  led.o(i.LED_GPIO_Init)
    i.LED_Init                               0x08001a50   Section        0  systerm_init.o(i.LED_Init)
    i.LEDn_OFF                               0x08001a68   Section        0  led.o(i.LEDn_OFF)
    i.LEDn_ON                                0x08001ab8   Section        0  led.o(i.LEDn_ON)
    i.MemManage_Handler                      0x08001b08   Section        0  stm32f10x_it.o(i.MemManage_Handler)
    i.NB_ALL_Flag_Init                       0x08001b0c   Section        0  systerm_init.o(i.NB_ALL_Flag_Init)
    i.NB_Bard_AT_Send                        0x08001bc0   Section        0  nb.o(i.NB_Bard_AT_Send)
    i.NB_Flag_Init                           0x08002350   Section        0  nb.o(i.NB_Flag_Init)
    i.NB_GPIO_Init                           0x08002378   Section        0  nb.o(i.NB_GPIO_Init)
    i.NB_INIT                                0x080023b0   Section        0  nb.o(i.NB_INIT)
    i.NB_Iot_AT_Send                         0x080023cc   Section        0  nb.o(i.NB_Iot_AT_Send)
    i.NB_UPDATE_DATA                         0x080023f4   Section        0  nb.o(i.NB_UPDATE_DATA)
    i.NB_Update_Data                         0x080027ac   Section        0  nb.o(i.NB_Update_Data)
    i.NMI_Handler                            0x080027ec   Section        0  stm32f10x_it.o(i.NMI_Handler)
    i.NVIC_Init                              0x080027f0   Section        0  misc.o(i.NVIC_Init)
    i.NVIC_PriorityGroupConfig               0x08002860   Section        0  misc.o(i.NVIC_PriorityGroupConfig)
    i.OLED_Clear                             0x08002874   Section        0  oled.o(i.OLED_Clear)
    i.OLED_ColorTurn                         0x080028b2   Section        0  oled.o(i.OLED_ColorTurn)
    i.OLED_DisplayTurn                       0x080028ce   Section        0  oled.o(i.OLED_DisplayTurn)
    i.OLED_Display_16x16                     0x080028fa   Section        0  oled.o(i.OLED_Display_16x16)
    i.OLED_Display_8x16                      0x0800293c   Section        0  oled.o(i.OLED_Display_8x16)
    i.OLED_Display_GB2312_string             0x08002978   Section        0  oled.o(i.OLED_Display_GB2312_string)
    i.OLED_Init                              0x08002aec   Section        0  oled.o(i.OLED_Init)
    i.OLED_WR_Byte                           0x08002c2c   Section        0  oled.o(i.OLED_WR_Byte)
    i.OLED_address                           0x08002ca4   Section        0  oled.o(i.OLED_address)
    i.OLED_get_data_from_ROM                 0x08002cd4   Section        0  oled.o(i.OLED_get_data_from_ROM)
    i.PWR_BackupAccessCmd                    0x08002d30   Section        0  stm32f10x_pwr.o(i.PWR_BackupAccessCmd)
    i.PWR_ClearFlag                          0x08002d3c   Section        0  stm32f10x_pwr.o(i.PWR_ClearFlag)
    i.PWR_GetFlagStatus                      0x08002d50   Section        0  stm32f10x_pwr.o(i.PWR_GetFlagStatus)
    i.PendSV_Handler                         0x08002d68   Section        0  stm32f10x_it.o(i.PendSV_Handler)
    i.RCC_APB1PeriphClockCmd                 0x08002d6c   Section        0  stm32f10x_rcc.o(i.RCC_APB1PeriphClockCmd)
    i.RCC_APB2PeriphClockCmd                 0x08002d8c   Section        0  stm32f10x_rcc.o(i.RCC_APB2PeriphClockCmd)
    i.RCC_BackupResetCmd                     0x08002dac   Section        0  stm32f10x_rcc.o(i.RCC_BackupResetCmd)
    i.RCC_GetClocksFreq                      0x08002db8   Section        0  stm32f10x_rcc.o(i.RCC_GetClocksFreq)
    i.RCC_GetFlagStatus                      0x08002e90   Section        0  stm32f10x_rcc.o(i.RCC_GetFlagStatus)
    i.RCC_LSEConfig                          0x08002ecc   Section        0  stm32f10x_rcc.o(i.RCC_LSEConfig)
    i.RCC_RTCCLKCmd                          0x08002f00   Section        0  stm32f10x_rcc.o(i.RCC_RTCCLKCmd)
    i.RCC_RTCCLKConfig                       0x08002f0c   Section        0  stm32f10x_rcc.o(i.RCC_RTCCLKConfig)
    i.RTCAlarm_IRQHandler                    0x08002f1c   Section        0  rtc.o(i.RTCAlarm_IRQHandler)
    i.RTC_ClearITPendingBit                  0x08002f6c   Section        0  stm32f10x_rtc.o(i.RTC_ClearITPendingBit)
    i.RTC_EnterConfigMode                    0x08002f7c   Section        0  stm32f10x_rtc.o(i.RTC_EnterConfigMode)
    i.RTC_ExitConfigMode                     0x08002f90   Section        0  stm32f10x_rtc.o(i.RTC_ExitConfigMode)
    i.RTC_Get                                0x08002fa4   Section        0  rtc.o(i.RTC_Get)
    i.RTC_GetCounter                         0x080030a4   Section        0  stm32f10x_rtc.o(i.RTC_GetCounter)
    i.RTC_GetITStatus                        0x080030b8   Section        0  stm32f10x_rtc.o(i.RTC_GetITStatus)
    i.RTC_Get_Week                           0x080030dc   Section        0  rtc.o(i.RTC_Get_Week)
    i.RTC_IRQHandler                         0x08003154   Section        0  rtc.o(i.RTC_IRQHandler)
    i.RTC_ITConfig                           0x080031c0   Section        0  stm32f10x_rtc.o(i.RTC_ITConfig)
    i.RTC_Init                               0x080031e0   Section        0  rtc.o(i.RTC_Init)
    i.RTC_NVIC_Config                        0x080032a0   Section        0  rtc.o(i.RTC_NVIC_Config)
    i.RTC_Set                                0x08003304   Section        0  rtc.o(i.RTC_Set)
    i.RTC_SetCounter                         0x080033cc   Section        0  stm32f10x_rtc.o(i.RTC_SetCounter)
    i.RTC_SetPrescaler                       0x080033e8   Section        0  stm32f10x_rtc.o(i.RTC_SetPrescaler)
    i.RTC_WaitForLastTask                    0x08003408   Section        0  stm32f10x_rtc.o(i.RTC_WaitForLastTask)
    i.RTC_WaitForSynchro                     0x0800341c   Section        0  stm32f10x_rtc.o(i.RTC_WaitForSynchro)
    i.Read_Data_Send                         0x08003440   Section        0  bluedata_deal.o(i.Read_Data_Send)
    i.Read_Data_Update                       0x0800356c   Section        0  bluedata_deal.o(i.Read_Data_Update)
    i.Read_Device_information                0x08003768   Section        0  communication_to_app.o(i.Read_Device_information)
    i.Read_JZQ_IP_COM                        0x08003854   Section        0  communication_to_app.o(i.Read_JZQ_IP_COM)
    i.Read_Meter_19Protocol                  0x08003940   Section        0  bluedata_deal.o(i.Read_Meter_19Protocol)
    i.Read_NAME_AND_NAME                     0x080039a8   Section        0  bluedata_deal.o(i.Read_NAME_AND_NAME)
    i.Read_name_mac                          0x08003b58   Section        0  communication_to_app.o(i.Read_name_mac)
    i.STMFLASH_Read                          0x08003cd4   Section        0  flash.o(i.STMFLASH_Read)
    i.STMFLASH_ReadHalfWord                  0x08003cf6   Section        0  flash.o(i.STMFLASH_ReadHalfWord)
    i.STMFLASH_Write                         0x08003cfc   Section        0  flash.o(i.STMFLASH_Write)
    i.STMFLASH_Write_NoCheck                 0x08003de4   Section        0  flash.o(i.STMFLASH_Write_NoCheck)
    i.SVC_Handler                            0x08003e0a   Section        0  stm32f10x_it.o(i.SVC_Handler)
    i.SYSTERM_INIT                           0x08003e0c   Section        0  systerm_init.o(i.SYSTERM_INIT)
    i.SaveMAC_NAME                           0x08003e90   Section        0  bluedata_deal.o(i.SaveMAC_NAME)
    i.Scan_Answer                            0x08003ff4   Section        0  communication_to_app.o(i.Scan_Answer)
    i.Send_Command_to_ROM                    0x08004070   Section        0  oled.o(i.Send_Command_to_ROM)
    i.SetSysClock                            0x080040bc   Section        0  system_stm32f10x.o(i.SetSysClock)
    SetSysClock                              0x080040bd   Thumb Code     8  system_stm32f10x.o(i.SetSysClock)
    i.SetSysClockTo48                        0x080040c4   Section        0  system_stm32f10x.o(i.SetSysClockTo48)
    SetSysClockTo48                          0x080040c5   Thumb Code   214  system_stm32f10x.o(i.SetSysClockTo48)
    i.Set_JZQ_IP_Return                      0x080041a4   Section        0  communication_to_app.o(i.Set_JZQ_IP_Return)
    i.StringArrayToHEXArray                  0x08004214   Section        0  bluedata_deal.o(i.StringArrayToHEXArray)
    i.StringToBytes                          0x080042a8   Section        0  bluedata_deal.o(i.StringToBytes)
    i.SysTick_CLKSourceConfig                0x0800433e   Section        0  misc.o(i.SysTick_CLKSourceConfig)
    i.SysTick_Handler                        0x08004368   Section        0  stm32f10x_it.o(i.SysTick_Handler)
    i.SystemInit                             0x08004384   Section        0  system_stm32f10x.o(i.SystemInit)
    i.TIM3_IRQHandler                        0x080043e4   Section        0  nb_time.o(i.TIM3_IRQHandler)
    i.TIM3_Init                              0x080044d0   Section        0  nb_time.o(i.TIM3_Init)
    i.TIM4_IRQHandler                        0x08004530   Section        0  blue_time.o(i.TIM4_IRQHandler)
    i.TIM4_Init                              0x080045f0   Section        0  blue_time.o(i.TIM4_Init)
    i.TIM_ClearITPendingBit                  0x08004650   Section        0  stm32f10x_tim.o(i.TIM_ClearITPendingBit)
    i.TIM_Cmd                                0x08004656   Section        0  stm32f10x_tim.o(i.TIM_Cmd)
    i.TIM_GetITStatus                        0x0800466e   Section        0  stm32f10x_tim.o(i.TIM_GetITStatus)
    i.TIM_ITConfig                           0x08004690   Section        0  stm32f10x_tim.o(i.TIM_ITConfig)
    i.TIM_TimeBaseInit                       0x080046a4   Section        0  stm32f10x_tim.o(i.TIM_TimeBaseInit)
    i.Take_Out_NAME_MAC                      0x08004748   Section        0  bluedata_deal.o(i.Take_Out_NAME_MAC)
    i.TimingDelay_Decrement                  0x08004b00   Section        0  stm32f10x_it.o(i.TimingDelay_Decrement)
    i.USART1_IRQHandler                      0x08004b18   Section        0  usart.o(i.USART1_IRQHandler)
    i.USART1_Init                            0x08004c58   Section        0  usart.o(i.USART1_Init)
    i.USART1_Send_String                     0x08004d08   Section        0  usart.o(i.USART1_Send_String)
    i.USART1_char_send                       0x08004d20   Section        0  usart.o(i.USART1_char_send)
    i.USART2_IRQHandler                      0x08004d40   Section        0  usart.o(i.USART2_IRQHandler)
    i.USART2_Init                            0x08005530   Section        0  usart.o(i.USART2_Init)
    i.USART2_Send_Arr                        0x080055dc   Section        0  usart.o(i.USART2_Send_Arr)
    i.USART2_Send_String                     0x08005614   Section        0  usart.o(i.USART2_Send_String)
    i.USART2_char_send                       0x0800562c   Section        0  usart.o(i.USART2_char_send)
    i.USART3_IRQHandler                      0x0800564c   Section        0  usart.o(i.USART3_IRQHandler)
    i.USART3_Init                            0x080056cc   Section        0  usart.o(i.USART3_Init)
    i.USART3_Send_Arr                        0x08005788   Section        0  usart.o(i.USART3_Send_Arr)
    i.USART3_Send_String                     0x080057a6   Section        0  usart.o(i.USART3_Send_String)
    i.USART3_Send_xbit                       0x080057bc   Section        0  usart.o(i.USART3_Send_xbit)
    i.USART3_char_send                       0x080057f0   Section        0  usart.o(i.USART3_char_send)
    i.USART_ClearFlag                        0x08005810   Section        0  stm32f10x_usart.o(i.USART_ClearFlag)
    i.USART_ClearITPendingBit                0x08005822   Section        0  stm32f10x_usart.o(i.USART_ClearITPendingBit)
    i.USART_Cmd                              0x08005840   Section        0  stm32f10x_usart.o(i.USART_Cmd)
    i.USART_GetFlagStatus                    0x08005858   Section        0  stm32f10x_usart.o(i.USART_GetFlagStatus)
    i.USART_GetITStatus                      0x08005872   Section        0  stm32f10x_usart.o(i.USART_GetITStatus)
    i.USART_ITConfig                         0x080058c6   Section        0  stm32f10x_usart.o(i.USART_ITConfig)
    i.USART_Init                             0x08005910   Section        0  stm32f10x_usart.o(i.USART_Init)
    i.USART_ReceiveData                      0x080059e8   Section        0  stm32f10x_usart.o(i.USART_ReceiveData)
    i.USART_SendData                         0x080059f2   Section        0  stm32f10x_usart.o(i.USART_SendData)
    i.USart_CLR_RecvBuf                      0x080059fc   Section        0  usart.o(i.USart_CLR_RecvBuf)
    i.Uart1_SendAtCommand                    0x08005a5c   Section        0  usart.o(i.Uart1_SendAtCommand)
    i.Uart1_SendLR                           0x08005a88   Section        0  usart.o(i.Uart1_SendLR)
    i.Uart2_SendAtCommand                    0x08005a98   Section        0  usart.o(i.Uart2_SendAtCommand)
    i.Uart2_SendLR                           0x08005ac4   Section        0  usart.o(i.Uart2_SendLR)
    i.Uart3_SendLR                           0x08005ace   Section        0  usart.o(i.Uart3_SendLR)
    i.UsageFault_Handler                     0x08005ade   Section        0  stm32f10x_it.o(i.UsageFault_Handler)
    i.__0printf$5                            0x08005ae4   Section        0  printf5.o(i.__0printf$5)
    i.__0sprintf$5                           0x08005b04   Section        0  printf5.o(i.__0sprintf$5)
    i.__scatterload_copy                     0x08005b2c   Section       14  handlers.o(i.__scatterload_copy)
    i.__scatterload_null                     0x08005b3a   Section        2  handlers.o(i.__scatterload_null)
    i.__scatterload_zeroinit                 0x08005b3c   Section       14  handlers.o(i.__scatterload_zeroinit)
    i._printf_core                           0x08005b4c   Section        0  printf5.o(i._printf_core)
    _printf_core                             0x08005b4d   Thumb Code   658  printf5.o(i._printf_core)
    i._sputc                                 0x08005e0c   Section        0  printf5.o(i._sputc)
    _sputc                                   0x08005e0d   Thumb Code    10  printf5.o(i._sputc)
    i.delay_init                             0x08005e18   Section        0  delay.o(i.delay_init)
    i.delay_ms                               0x08005e5c   Section        0  delay.o(i.delay_ms)
    i.delay_s                                0x08005ea8   Section        0  delay.o(i.delay_s)
    i.fputc                                  0x08005ec0   Section        0  usart.o(i.fputc)
    i.itoi                                   0x08005ee4   Section        0  bluetooth.o(i.itoi)
    i.main                                   0x08005f4c   Section        0  main.o(i.main)
    i.print                                  0x08006014   Section        0  simpleprintf.o(i.print)
    print                                    0x08006015   Thumb Code   368  simpleprintf.o(i.print)
    i.printchar                              0x0800618c   Section        0  simpleprintf.o(i.printchar)
    printchar                                0x0800618d   Thumb Code    28  simpleprintf.o(i.printchar)
    i.printi                                 0x080061a8   Section        0  simpleprintf.o(i.printi)
    printi                                   0x080061a9   Thumb Code   186  simpleprintf.o(i.printi)
    i.prints                                 0x08006262   Section        0  simpleprintf.o(i.prints)
    prints                                   0x08006263   Thumb Code   128  simpleprintf.o(i.prints)
    i.raw_printf                             0x080062e2   Section        0  simpleprintf.o(i.raw_printf)
    i.usr_putc                               0x080062fa   Section        0  simpleprintf.o(i.usr_putc)
    i.weak_BLUE_init                         0x08006306   Section        0  wakeup.o(i.weak_BLUE_init)
    i.write_mac_name                         0x08006344   Section        0  communication_to_app.o(i.write_mac_name)
    i.write_name_mac                         0x080063f4   Section        0  communication_to_app.o(i.write_name_mac)
    .constdata                               0x08006474   Section       24  rtc.o(.constdata)
    .constdata                               0x0800648c   Section       12  localtime_r.o(.constdata)
    monlen                                   0x0800648c   Data          12  localtime_r.o(.constdata)
    .constdata                               0x08006498   Section       12  mktime.o(.constdata)
    monlen                                   0x08006498   Data          12  mktime.o(.constdata)
    .data                                    0x20000000   Section        2  stm32f10x_it.o(.data)
    .data                                    0x20000004   Section       20  system_stm32f10x.o(.data)
    .data                                    0x20000018   Section        4  delay.o(.data)
    fac_us                                   0x20000018   Data           1  delay.o(.data)
    fac_ms                                   0x2000001a   Data           2  delay.o(.data)
    .data                                    0x2000001c   Section       20  stm32f10x_rcc.o(.data)
    APBAHBPrescTable                         0x2000001c   Data          16  stm32f10x_rcc.o(.data)
    ADCPrescTable                            0x2000002c   Data           4  stm32f10x_rcc.o(.data)
    .data                                    0x20000030   Section       21  nb.o(.data)
    TimSec                                   0x20000040   Data           4  nb.o(.data)
    i                                        0x20000044   Data           1  nb.o(.data)
    .data                                    0x20000046   Section        7  usart.o(.data)
    .data                                    0x2000004e   Section        9  key.o(.data)
    key_up                                   0x20000056   Data           1  key.o(.data)
    .data                                    0x20000058   Section       18  bluetooth.o(.data)
    .data                                    0x2000006a   Section        9  bluedata_deal.o(.data)
    .data                                    0x20000074   Section        8  oled.o(.data)
    .data                                    0x2000007c   Section        4  sleepmode.o(.data)
    .data                                    0x20000080   Section       10  rtc.o(.data)
    daycnt                                   0x20000088   Data           2  rtc.o(.data)
    .data                                    0x2000008c   Section        4  stdout.o(.data)
    .bss                                     0x20000090   Section      716  nb.o(.bss)
    temp                                     0x20000328   Data          12  nb.o(.bss)
    IP                                       0x20000334   Data          40  nb.o(.bss)
    .bss                                     0x2000035c   Section     2028  usart.o(.bss)
    .bss                                     0x20000b48   Section     2548  bluedata_deal.o(.bss)
    .bss                                     0x2000153c   Section       28  wakeup.o(.bss)
    .bss                                     0x20001558   Section       10  rtc.o(.bss)
    .bss                                     0x20001562   Section     1512  flash.o(.bss)
    STACK                                    0x20001b50   Section     1024  startup_stm32f10x_hd.o(STACK)

    Global Symbols

    Symbol Name                              Value     Ov Type        Size  Object(Section)

    BuildAttributes$$THM_ISAv4$P$D$K$B$S$PE$A:L22UL41UL21$X:L11$S22US41US21$IEEE1$IW$USESV6$~STKCKD$USESV7$~SHL$OSPACE$ROPI$EBA8$MICROLIB$REQ8$PRES8$EABIv2 0x00000000   Number         0  anon$$obj.o ABSOLUTE
    __ARM_use_no_argv                        0x00000000   Number         0  main.o ABSOLUTE
    _printf_a                                0x00000000   Number         0  stubs.o ABSOLUTE
    _printf_c                                0x00000000   Number         0  stubs.o ABSOLUTE
    _printf_charcount                        0x00000000   Number         0  stubs.o ABSOLUTE
    _printf_d                                0x00000000   Number         0  stubs.o ABSOLUTE
    _printf_e                                0x00000000   Number         0  stubs.o ABSOLUTE
    _printf_f                                0x00000000   Number         0  stubs.o ABSOLUTE
    _printf_flags                            0x00000000   Number         0  stubs.o ABSOLUTE
    _printf_fp_dec                           0x00000000   Number         0  stubs.o ABSOLUTE
    _printf_fp_hex                           0x00000000   Number         0  stubs.o ABSOLUTE
    _printf_g                                0x00000000   Number         0  stubs.o ABSOLUTE
    _printf_i                                0x00000000   Number         0  stubs.o ABSOLUTE
    _printf_int_dec                          0x00000000   Number         0  stubs.o ABSOLUTE
    _printf_l                                0x00000000   Number         0  stubs.o ABSOLUTE
    _printf_lc                               0x00000000   Number         0  stubs.o ABSOLUTE
    _printf_ll                               0x00000000   Number         0  stubs.o ABSOLUTE
    _printf_lld                              0x00000000   Number         0  stubs.o ABSOLUTE
    _printf_lli                              0x00000000   Number         0  stubs.o ABSOLUTE
    _printf_llo                              0x00000000   Number         0  stubs.o ABSOLUTE
    _printf_llu                              0x00000000   Number         0  stubs.o ABSOLUTE
    _printf_llx                              0x00000000   Number         0  stubs.o ABSOLUTE
    _printf_longlong_dec                     0x00000000   Number         0  stubs.o ABSOLUTE
    _printf_longlong_hex                     0x00000000   Number         0  stubs.o ABSOLUTE
    _printf_longlong_oct                     0x00000000   Number         0  stubs.o ABSOLUTE
    _printf_ls                               0x00000000   Number         0  stubs.o ABSOLUTE
    _printf_mbtowc                           0x00000000   Number         0  stubs.o ABSOLUTE
    _printf_n                                0x00000000   Number         0  stubs.o ABSOLUTE
    _printf_o                                0x00000000   Number         0  stubs.o ABSOLUTE
    _printf_p                                0x00000000   Number         0  stubs.o ABSOLUTE
    _printf_percent                          0x00000000   Number         0  stubs.o ABSOLUTE
    _printf_pre_padding                      0x00000000   Number         0  stubs.o ABSOLUTE
    _printf_return_value                     0x00000000   Number         0  stubs.o ABSOLUTE
    _printf_s                                0x00000000   Number         0  stubs.o ABSOLUTE
    _printf_sizespec                         0x00000000   Number         0  stubs.o ABSOLUTE
    _printf_str                              0x00000000   Number         0  stubs.o ABSOLUTE
    _printf_truncate_signed                  0x00000000   Number         0  stubs.o ABSOLUTE
    _printf_truncate_unsigned                0x00000000   Number         0  stubs.o ABSOLUTE
    _printf_u                                0x00000000   Number         0  stubs.o ABSOLUTE
    _printf_wc                               0x00000000   Number         0  stubs.o ABSOLUTE
    _printf_wctomb                           0x00000000   Number         0  stubs.o ABSOLUTE
    _printf_widthprec                        0x00000000   Number         0  stubs.o ABSOLUTE
    _printf_x                                0x00000000   Number         0  stubs.o ABSOLUTE
    __cpp_initialize__aeabi_                  - Undefined Weak Reference
    __cxa_finalize                            - Undefined Weak Reference
    __decompress                              - Undefined Weak Reference
    _clock_init                               - Undefined Weak Reference
    _microlib_exit                            - Undefined Weak Reference
    __Vectors_Size                           0x00000130   Number         0  startup_stm32f10x_hd.o ABSOLUTE
    __Vectors                                0x08000000   Data           4  startup_stm32f10x_hd.o(RESET)
    __Vectors_End                            0x08000130   Data           0  startup_stm32f10x_hd.o(RESET)
    __main                                   0x08000131   Thumb Code     0  entry.o(.ARM.Collect$$$$00000000)
    _main_stk                                0x08000131   Thumb Code     0  entry2.o(.ARM.Collect$$$$00000001)
    _main_scatterload                        0x08000135   Thumb Code     0  entry5.o(.ARM.Collect$$$$00000004)
    __main_after_scatterload                 0x08000139   Thumb Code     0  entry5.o(.ARM.Collect$$$$00000004)
    _main_clock                              0x08000139   Thumb Code     0  entry7b.o(.ARM.Collect$$$$00000008)
    _main_cpp_init                           0x08000139   Thumb Code     0  entry8b.o(.ARM.Collect$$$$0000000A)
    _main_init                               0x08000139   Thumb Code     0  entry9a.o(.ARM.Collect$$$$0000000B)
    __rt_final_cpp                           0x08000141   Thumb Code     0  entry10a.o(.ARM.Collect$$$$0000000D)
    __rt_final_exit                          0x08000141   Thumb Code     0  entry11a.o(.ARM.Collect$$$$0000000F)
    Reset_Handler                            0x08000145   Thumb Code     4  startup_stm32f10x_hd.o(.text)
    ADC1_2_IRQHandler                        0x0800015b   Thumb Code     0  startup_stm32f10x_hd.o(.text)
    ADC3_IRQHandler                          0x0800015b   Thumb Code     0  startup_stm32f10x_hd.o(.text)
    CAN1_RX1_IRQHandler                      0x0800015b   Thumb Code     0  startup_stm32f10x_hd.o(.text)
    CAN1_SCE_IRQHandler                      0x0800015b   Thumb Code     0  startup_stm32f10x_hd.o(.text)
    DMA1_Channel1_IRQHandler                 0x0800015b   Thumb Code     0  startup_stm32f10x_hd.o(.text)
    DMA1_Channel2_IRQHandler                 0x0800015b   Thumb Code     0  startup_stm32f10x_hd.o(.text)
    DMA1_Channel3_IRQHandler                 0x0800015b   Thumb Code     0  startup_stm32f10x_hd.o(.text)
    DMA1_Channel4_IRQHandler                 0x0800015b   Thumb Code     0  startup_stm32f10x_hd.o(.text)
    DMA1_Channel5_IRQHandler                 0x0800015b   Thumb Code     0  startup_stm32f10x_hd.o(.text)
    DMA1_Channel6_IRQHandler                 0x0800015b   Thumb Code     0  startup_stm32f10x_hd.o(.text)
    DMA1_Channel7_IRQHandler                 0x0800015b   Thumb Code     0  startup_stm32f10x_hd.o(.text)
    DMA2_Channel1_IRQHandler                 0x0800015b   Thumb Code     0  startup_stm32f10x_hd.o(.text)
    DMA2_Channel2_IRQHandler                 0x0800015b   Thumb Code     0  startup_stm32f10x_hd.o(.text)
    DMA2_Channel3_IRQHandler                 0x0800015b   Thumb Code     0  startup_stm32f10x_hd.o(.text)
    DMA2_Channel4_5_IRQHandler               0x0800015b   Thumb Code     0  startup_stm32f10x_hd.o(.text)
    EXTI0_IRQHandler                         0x0800015b   Thumb Code     0  startup_stm32f10x_hd.o(.text)
    EXTI15_10_IRQHandler                     0x0800015b   Thumb Code     0  startup_stm32f10x_hd.o(.text)
    EXTI1_IRQHandler                         0x0800015b   Thumb Code     0  startup_stm32f10x_hd.o(.text)
    EXTI2_IRQHandler                         0x0800015b   Thumb Code     0  startup_stm32f10x_hd.o(.text)
    EXTI3_IRQHandler                         0x0800015b   Thumb Code     0  startup_stm32f10x_hd.o(.text)
    EXTI4_IRQHandler                         0x0800015b   Thumb Code     0  startup_stm32f10x_hd.o(.text)
    EXTI9_5_IRQHandler                       0x0800015b   Thumb Code     0  startup_stm32f10x_hd.o(.text)
    FLASH_IRQHandler                         0x0800015b   Thumb Code     0  startup_stm32f10x_hd.o(.text)
    FSMC_IRQHandler                          0x0800015b   Thumb Code     0  startup_stm32f10x_hd.o(.text)
    I2C1_ER_IRQHandler                       0x0800015b   Thumb Code     0  startup_stm32f10x_hd.o(.text)
    I2C1_EV_IRQHandler                       0x0800015b   Thumb Code     0  startup_stm32f10x_hd.o(.text)
    I2C2_ER_IRQHandler                       0x0800015b   Thumb Code     0  startup_stm32f10x_hd.o(.text)
    I2C2_EV_IRQHandler                       0x0800015b   Thumb Code     0  startup_stm32f10x_hd.o(.text)
    PVD_IRQHandler                           0x0800015b   Thumb Code     0  startup_stm32f10x_hd.o(.text)
    RCC_IRQHandler                           0x0800015b   Thumb Code     0  startup_stm32f10x_hd.o(.text)
    SDIO_IRQHandler                          0x0800015b   Thumb Code     0  startup_stm32f10x_hd.o(.text)
    SPI1_IRQHandler                          0x0800015b   Thumb Code     0  startup_stm32f10x_hd.o(.text)
    SPI2_IRQHandler                          0x0800015b   Thumb Code     0  startup_stm32f10x_hd.o(.text)
    SPI3_IRQHandler                          0x0800015b   Thumb Code     0  startup_stm32f10x_hd.o(.text)
    TAMPER_IRQHandler                        0x0800015b   Thumb Code     0  startup_stm32f10x_hd.o(.text)
    TIM1_BRK_IRQHandler                      0x0800015b   Thumb Code     0  startup_stm32f10x_hd.o(.text)
    TIM1_CC_IRQHandler                       0x0800015b   Thumb Code     0  startup_stm32f10x_hd.o(.text)
    TIM1_TRG_COM_IRQHandler                  0x0800015b   Thumb Code     0  startup_stm32f10x_hd.o(.text)
    TIM1_UP_IRQHandler                       0x0800015b   Thumb Code     0  startup_stm32f10x_hd.o(.text)
    TIM2_IRQHandler                          0x0800015b   Thumb Code     0  startup_stm32f10x_hd.o(.text)
    TIM5_IRQHandler                          0x0800015b   Thumb Code     0  startup_stm32f10x_hd.o(.text)
    TIM6_IRQHandler                          0x0800015b   Thumb Code     0  startup_stm32f10x_hd.o(.text)
    TIM7_IRQHandler                          0x0800015b   Thumb Code     0  startup_stm32f10x_hd.o(.text)
    TIM8_BRK_IRQHandler                      0x0800015b   Thumb Code     0  startup_stm32f10x_hd.o(.text)
    TIM8_CC_IRQHandler                       0x0800015b   Thumb Code     0  startup_stm32f10x_hd.o(.text)
    TIM8_TRG_COM_IRQHandler                  0x0800015b   Thumb Code     0  startup_stm32f10x_hd.o(.text)
    TIM8_UP_IRQHandler                       0x0800015b   Thumb Code     0  startup_stm32f10x_hd.o(.text)
    UART4_IRQHandler                         0x0800015b   Thumb Code     0  startup_stm32f10x_hd.o(.text)
    UART5_IRQHandler                         0x0800015b   Thumb Code     0  startup_stm32f10x_hd.o(.text)
    USBWakeUp_IRQHandler                     0x0800015b   Thumb Code     0  startup_stm32f10x_hd.o(.text)
    USB_HP_CAN1_TX_IRQHandler                0x0800015b   Thumb Code     0  startup_stm32f10x_hd.o(.text)
    USB_LP_CAN1_RX0_IRQHandler               0x0800015b   Thumb Code     0  startup_stm32f10x_hd.o(.text)
    WWDG_IRQHandler                          0x0800015b   Thumb Code     0  startup_stm32f10x_hd.o(.text)
    _localtime                               0x08000161   Thumb Code     0  localtime_r.o(.text)
    localtime_r                              0x08000161   Thumb Code   134  localtime_r.o(.text)
    mktime                                   0x080001ed   Thumb Code   150  mktime.o(.text)
    __aeabi_memset                           0x08000295   Thumb Code    14  memseta.o(.text)
    __aeabi_memset4                          0x08000295   Thumb Code     0  memseta.o(.text)
    __aeabi_memset8                          0x08000295   Thumb Code     0  memseta.o(.text)
    __aeabi_memclr                           0x080002a3   Thumb Code     4  memseta.o(.text)
    __aeabi_memclr4                          0x080002a3   Thumb Code     0  memseta.o(.text)
    __aeabi_memclr8                          0x080002a3   Thumb Code     0  memseta.o(.text)
    _memset$wrapper                          0x080002a7   Thumb Code    18  memseta.o(.text)
    strcat                                   0x080002b9   Thumb Code    24  strcat.o(.text)
    strstr                                   0x080002d1   Thumb Code    36  strstr.o(.text)
    strlen                                   0x080002f5   Thumb Code    14  strlen.o(.text)
    strcpy                                   0x08000303   Thumb Code    18  strcpy.o(.text)
    __aeabi_uldivmod                         0x08000315   Thumb Code    98  uldiv.o(.text)
    __scatterload                            0x08000379   Thumb Code    28  init.o(.text)
    __scatterload_rt2                        0x08000379   Thumb Code     0  init.o(.text)
    __aeabi_llsl                             0x0800039d   Thumb Code    30  llshl.o(.text)
    _ll_shift_l                              0x0800039d   Thumb Code     0  llshl.o(.text)
    __aeabi_llsr                             0x080003bb   Thumb Code    32  llushr.o(.text)
    _ll_ushift_r                             0x080003bb   Thumb Code     0  llushr.o(.text)
    APP_TO_JZQ_CB_RETURN                     0x080003dd   Thumb Code   112  communication_to_app.o(i.APP_TO_JZQ_CB_RETURN)
    APP_To_BlueScan                          0x08000451   Thumb Code   340  communication_to_app.o(i.APP_To_BlueScan)
    AscillToString                           0x08000615   Thumb Code    88  bluedata_deal.o(i.AscillToString)
    BEEP_GPIO_Init                           0x0800066d   Thumb Code    46  beep.o(i.BEEP_GPIO_Init)
    BEEP_ON                                  0x080006a1   Thumb Code    56  beep.o(i.BEEP_ON)
    BKP_DeInit                               0x080006e1   Thumb Code    16  stm32f10x_bkp.o(i.BKP_DeInit)
    BKP_ReadBackupRegister                   0x080006f1   Thumb Code    24  stm32f10x_bkp.o(i.BKP_ReadBackupRegister)
    BKP_WriteBackupRegister                  0x0800070d   Thumb Code    22  stm32f10x_bkp.o(i.BKP_WriteBackupRegister)
    BLUE_EN_DISABLE                          0x08000729   Thumb Code     8  bluetooth.o(i.BLUE_EN_DISABLE)
    BLUE_EN_ENABLE                           0x08000735   Thumb Code     8  bluetooth.o(i.BLUE_EN_ENABLE)
    BLUE_GPIO_Init                           0x08000741   Thumb Code   132  bluetooth.o(i.BLUE_GPIO_Init)
    BLUE_POWER_CLOSE                         0x080007c9   Thumb Code     8  bluetooth.o(i.BLUE_POWER_CLOSE)
    BLUE_POWER_OPEN                          0x080007d5   Thumb Code     8  bluetooth.o(i.BLUE_POWER_OPEN)
    Blue_Flag_Init                           0x080007e1   Thumb Code    24  bluetooth.o(i.Blue_Flag_Init)
    Blue_S_AT_Config                         0x08000809   Thumb Code   406  bluetooth.o(i.Blue_S_AT_Config)
    BusFault_Handler                         0x08000a71   Thumb Code     4  stm32f10x_it.o(i.BusFault_Handler)
    CS_Check                                 0x08000a75   Thumb Code    32  bluedata_deal.o(i.CS_Check)
    Check_MAC                                0x08000a95   Thumb Code   124  bluedata_deal.o(i.Check_MAC)
    Clear_NAME_MAC                           0x08000b19   Thumb Code   114  communication_to_app.o(i.Clear_NAME_MAC)
    Connect_Blue_Read_Data                   0x08000b91   Thumb Code   954  bluedata_deal.o(i.Connect_Blue_Read_Data)
    Connect_Fail_Deal                        0x08001021   Thumb Code   280  bluedata_deal.o(i.Connect_Fail_Deal)
    DebugMon_Handler                         0x08001195   Thumb Code     2  stm32f10x_it.o(i.DebugMon_Handler)
    Determine_Deveice                        0x08001199   Thumb Code    78  communication_to_app.o(i.Determine_Deveice)
    Deveice_Display                          0x08001201   Thumb Code   120  systerm_init.o(i.Deveice_Display)
    EXTI_ClearITPendingBit                   0x08001311   Thumb Code     6  stm32f10x_exti.o(i.EXTI_ClearITPendingBit)
    EXTI_Init                                0x0800131d   Thumb Code   142  stm32f10x_exti.o(i.EXTI_Init)
    Error_Return                             0x080013b1   Thumb Code   110  communication_to_app.o(i.Error_Return)
    FLASH_ErasePage                          0x08001425   Thumb Code    72  stm32f10x_flash.o(i.FLASH_ErasePage)
    FLASH_GetBank1Status                     0x08001471   Thumb Code    48  stm32f10x_flash.o(i.FLASH_GetBank1Status)
    FLASH_Lock                               0x080014a5   Thumb Code    14  stm32f10x_flash.o(i.FLASH_Lock)
    FLASH_ProgramHalfWord                    0x080014b9   Thumb Code    60  stm32f10x_flash.o(i.FLASH_ProgramHalfWord)
    FLASH_Unlock                             0x080014f9   Thumb Code    12  stm32f10x_flash.o(i.FLASH_Unlock)
    FLASH_WaitForLastOperation               0x08001511   Thumb Code    38  stm32f10x_flash.o(i.FLASH_WaitForLastOperation)
    GPIO_Init                                0x08001537   Thumb Code   278  stm32f10x_gpio.o(i.GPIO_Init)
    GPIO_PinRemapConfig                      0x0800164d   Thumb Code   138  stm32f10x_gpio.o(i.GPIO_PinRemapConfig)
    GPIO_ReadInputDataBit                    0x080016dd   Thumb Code    18  stm32f10x_gpio.o(i.GPIO_ReadInputDataBit)
    GPIO_ResetBits                           0x080016ef   Thumb Code     4  stm32f10x_gpio.o(i.GPIO_ResetBits)
    GPIO_SetBits                             0x080016f3   Thumb Code     4  stm32f10x_gpio.o(i.GPIO_SetBits)
    GTM_ConversionUTC                        0x080016f9   Thumb Code   116  nb.o(i.GTM_ConversionUTC)
    Get_data_from_ROM                        0x08001779   Thumb Code    62  oled.o(i.Get_data_from_ROM)
    HEXArrayToStringArray                    0x080017bd   Thumb Code    76  bluedata_deal.o(i.HEXArrayToStringArray)
    HardFault_Handler                        0x0800180d   Thumb Code     4  stm32f10x_it.o(i.HardFault_Handler)
    Is_Leap_Year                             0x08001811   Thumb Code    58  rtc.o(i.Is_Leap_Year)
    JZQ_Write_NAME_MAC                       0x0800184d   Thumb Code    80  communication_to_app.o(i.JZQ_Write_NAME_MAC)
    KEY_GPIO_Init                            0x080018c1   Thumb Code    38  key.o(i.KEY_GPIO_Init)
    KEY_Scan                                 0x080018ed   Thumb Code   156  key.o(i.KEY_Scan)
    KEY_Set_Blue_S_Mode                      0x08001991   Thumb Code   112  communication_to_app.o(i.KEY_Set_Blue_S_Mode)
    LED_GPIO_Init                            0x08001a19   Thumb Code    50  led.o(i.LED_GPIO_Init)
    LED_Init                                 0x08001a51   Thumb Code    24  systerm_init.o(i.LED_Init)
    LEDn_OFF                                 0x08001a69   Thumb Code    72  led.o(i.LEDn_OFF)
    LEDn_ON                                  0x08001ab9   Thumb Code    72  led.o(i.LEDn_ON)
    MemManage_Handler                        0x08001b09   Thumb Code     4  stm32f10x_it.o(i.MemManage_Handler)
    NB_ALL_Flag_Init                         0x08001b0d   Thumb Code   138  systerm_init.o(i.NB_ALL_Flag_Init)
    NB_Bard_AT_Send                          0x08001bc1   Thumb Code  1816  nb.o(i.NB_Bard_AT_Send)
    NB_Flag_Init                             0x08002351   Thumb Code    24  nb.o(i.NB_Flag_Init)
    NB_GPIO_Init                             0x08002379   Thumb Code    50  nb.o(i.NB_GPIO_Init)
    NB_INIT                                  0x080023b1   Thumb Code    20  nb.o(i.NB_INIT)
    NB_Iot_AT_Send                           0x080023cd   Thumb Code    30  nb.o(i.NB_Iot_AT_Send)
    NB_UPDATE_DATA                           0x080023f5   Thumb Code   844  nb.o(i.NB_UPDATE_DATA)
    NB_Update_Data                           0x080027ad   Thumb Code    46  nb.o(i.NB_Update_Data)
    NMI_Handler                              0x080027ed   Thumb Code     2  stm32f10x_it.o(i.NMI_Handler)
    NVIC_Init                                0x080027f1   Thumb Code   100  misc.o(i.NVIC_Init)
    NVIC_PriorityGroupConfig                 0x08002861   Thumb Code    10  misc.o(i.NVIC_PriorityGroupConfig)
    OLED_Clear                               0x08002875   Thumb Code    62  oled.o(i.OLED_Clear)
    OLED_ColorTurn                           0x080028b3   Thumb Code    28  oled.o(i.OLED_ColorTurn)
    OLED_DisplayTurn                         0x080028cf   Thumb Code    44  oled.o(i.OLED_DisplayTurn)
    OLED_Display_16x16                       0x080028fb   Thumb Code    66  oled.o(i.OLED_Display_16x16)
    OLED_Display_8x16                        0x0800293d   Thumb Code    58  oled.o(i.OLED_Display_8x16)
    OLED_Display_GB2312_string               0x08002979   Thumb Code   364  oled.o(i.OLED_Display_GB2312_string)
    OLED_Init                                0x08002aed   Thumb Code   310  oled.o(i.OLED_Init)
    OLED_WR_Byte                             0x08002c2d   Thumb Code   114  oled.o(i.OLED_WR_Byte)
    OLED_address                             0x08002ca5   Thumb Code    46  oled.o(i.OLED_address)
    OLED_get_data_from_ROM                   0x08002cd5   Thumb Code    86  oled.o(i.OLED_get_data_from_ROM)
    PWR_BackupAccessCmd                      0x08002d31   Thumb Code     6  stm32f10x_pwr.o(i.PWR_BackupAccessCmd)
    PWR_ClearFlag                            0x08002d3d   Thumb Code    14  stm32f10x_pwr.o(i.PWR_ClearFlag)
    PWR_GetFlagStatus                        0x08002d51   Thumb Code    20  stm32f10x_pwr.o(i.PWR_GetFlagStatus)
    PendSV_Handler                           0x08002d69   Thumb Code     2  stm32f10x_it.o(i.PendSV_Handler)
    RCC_APB1PeriphClockCmd                   0x08002d6d   Thumb Code    26  stm32f10x_rcc.o(i.RCC_APB1PeriphClockCmd)
    RCC_APB2PeriphClockCmd                   0x08002d8d   Thumb Code    26  stm32f10x_rcc.o(i.RCC_APB2PeriphClockCmd)
    RCC_BackupResetCmd                       0x08002dad   Thumb Code     6  stm32f10x_rcc.o(i.RCC_BackupResetCmd)
    RCC_GetClocksFreq                        0x08002db9   Thumb Code   192  stm32f10x_rcc.o(i.RCC_GetClocksFreq)
    RCC_GetFlagStatus                        0x08002e91   Thumb Code    56  stm32f10x_rcc.o(i.RCC_GetFlagStatus)
    RCC_LSEConfig                            0x08002ecd   Thumb Code    46  stm32f10x_rcc.o(i.RCC_LSEConfig)
    RCC_RTCCLKCmd                            0x08002f01   Thumb Code     6  stm32f10x_rcc.o(i.RCC_RTCCLKCmd)
    RCC_RTCCLKConfig                         0x08002f0d   Thumb Code    12  stm32f10x_rcc.o(i.RCC_RTCCLKConfig)
    RTCAlarm_IRQHandler                      0x08002f1d   Thumb Code    72  rtc.o(i.RTCAlarm_IRQHandler)
    RTC_ClearITPendingBit                    0x08002f6d   Thumb Code    12  stm32f10x_rtc.o(i.RTC_ClearITPendingBit)
    RTC_EnterConfigMode                      0x08002f7d   Thumb Code    14  stm32f10x_rtc.o(i.RTC_EnterConfigMode)
    RTC_ExitConfigMode                       0x08002f91   Thumb Code    16  stm32f10x_rtc.o(i.RTC_ExitConfigMode)
    RTC_Get                                  0x08002fa5   Thumb Code   240  rtc.o(i.RTC_Get)
    RTC_GetCounter                           0x080030a5   Thumb Code    16  stm32f10x_rtc.o(i.RTC_GetCounter)
    RTC_GetITStatus                          0x080030b9   Thumb Code    32  stm32f10x_rtc.o(i.RTC_GetITStatus)
    RTC_Get_Week                             0x080030dd   Thumb Code   116  rtc.o(i.RTC_Get_Week)
    RTC_IRQHandler                           0x08003155   Thumb Code   102  rtc.o(i.RTC_IRQHandler)
    RTC_ITConfig                             0x080031c1   Thumb Code    26  stm32f10x_rtc.o(i.RTC_ITConfig)
    RTC_Init                                 0x080031e1   Thumb Code   192  rtc.o(i.RTC_Init)
    RTC_NVIC_Config                          0x080032a1   Thumb Code    98  rtc.o(i.RTC_NVIC_Config)
    RTC_Set                                  0x08003305   Thumb Code   184  rtc.o(i.RTC_Set)
    RTC_SetCounter                           0x080033cd   Thumb Code    24  stm32f10x_rtc.o(i.RTC_SetCounter)
    RTC_SetPrescaler                         0x080033e9   Thumb Code    26  stm32f10x_rtc.o(i.RTC_SetPrescaler)
    RTC_WaitForLastTask                      0x08003409   Thumb Code    16  stm32f10x_rtc.o(i.RTC_WaitForLastTask)
    RTC_WaitForSynchro                       0x0800341d   Thumb Code    30  stm32f10x_rtc.o(i.RTC_WaitForSynchro)
    Read_Data_Send                           0x08003441   Thumb Code   224  bluedata_deal.o(i.Read_Data_Send)
    Read_Data_Update                         0x0800356d   Thumb Code   382  bluedata_deal.o(i.Read_Data_Update)
    Read_Device_information                  0x08003769   Thumb Code   222  communication_to_app.o(i.Read_Device_information)
    Read_JZQ_IP_COM                          0x08003855   Thumb Code   226  communication_to_app.o(i.Read_JZQ_IP_COM)
    Read_Meter_19Protocol                    0x08003941   Thumb Code    96  bluedata_deal.o(i.Read_Meter_19Protocol)
    Read_NAME_AND_NAME                       0x080039a9   Thumb Code   274  bluedata_deal.o(i.Read_NAME_AND_NAME)
    Read_name_mac                            0x08003b59   Thumb Code   344  communication_to_app.o(i.Read_name_mac)
    STMFLASH_Read                            0x08003cd5   Thumb Code    34  flash.o(i.STMFLASH_Read)
    STMFLASH_ReadHalfWord                    0x08003cf7   Thumb Code     6  flash.o(i.STMFLASH_ReadHalfWord)
    STMFLASH_Write                           0x08003cfd   Thumb Code   222  flash.o(i.STMFLASH_Write)
    STMFLASH_Write_NoCheck                   0x08003de5   Thumb Code    38  flash.o(i.STMFLASH_Write_NoCheck)
    SVC_Handler                              0x08003e0b   Thumb Code     2  stm32f10x_it.o(i.SVC_Handler)
    SYSTERM_INIT                             0x08003e0d   Thumb Code   118  systerm_init.o(i.SYSTERM_INIT)
    SaveMAC_NAME                             0x08003e91   Thumb Code   314  bluedata_deal.o(i.SaveMAC_NAME)
    Scan_Answer                              0x08003ff5   Thumb Code   118  communication_to_app.o(i.Scan_Answer)
    Send_Command_to_ROM                      0x08004071   Thumb Code    70  oled.o(i.Send_Command_to_ROM)
    Set_JZQ_IP_Return                        0x080041a5   Thumb Code   106  communication_to_app.o(i.Set_JZQ_IP_Return)
    StringArrayToHEXArray                    0x08004215   Thumb Code   148  bluedata_deal.o(i.StringArrayToHEXArray)
    StringToBytes                            0x080042a9   Thumb Code   150  bluedata_deal.o(i.StringToBytes)
    SysTick_CLKSourceConfig                  0x0800433f   Thumb Code    40  misc.o(i.SysTick_CLKSourceConfig)
    SysTick_Handler                          0x08004369   Thumb Code    24  stm32f10x_it.o(i.SysTick_Handler)
    SystemInit                               0x08004385   Thumb Code    78  system_stm32f10x.o(i.SystemInit)
    TIM3_IRQHandler                          0x080043e5   Thumb Code   188  nb_time.o(i.TIM3_IRQHandler)
    TIM3_Init                                0x080044d1   Thumb Code    92  nb_time.o(i.TIM3_Init)
    TIM4_IRQHandler                          0x08004531   Thumb Code   172  blue_time.o(i.TIM4_IRQHandler)
    TIM4_Init                                0x080045f1   Thumb Code    92  blue_time.o(i.TIM4_Init)
    TIM_ClearITPendingBit                    0x08004651   Thumb Code     6  stm32f10x_tim.o(i.TIM_ClearITPendingBit)
    TIM_Cmd                                  0x08004657   Thumb Code    24  stm32f10x_tim.o(i.TIM_Cmd)
    TIM_GetITStatus                          0x0800466f   Thumb Code    34  stm32f10x_tim.o(i.TIM_GetITStatus)
    TIM_ITConfig                             0x08004691   Thumb Code    18  stm32f10x_tim.o(i.TIM_ITConfig)
    TIM_TimeBaseInit                         0x080046a5   Thumb Code   122  stm32f10x_tim.o(i.TIM_TimeBaseInit)
    Take_Out_NAME_MAC                        0x08004749   Thumb Code   826  bluedata_deal.o(i.Take_Out_NAME_MAC)
    TimingDelay_Decrement                    0x08004b01   Thumb Code    18  stm32f10x_it.o(i.TimingDelay_Decrement)
    USART1_IRQHandler                        0x08004b19   Thumb Code   286  usart.o(i.USART1_IRQHandler)
    USART1_Init                              0x08004c59   Thumb Code   166  usart.o(i.USART1_Init)
    USART1_Send_String                       0x08004d09   Thumb Code    22  usart.o(i.USART1_Send_String)
    USART1_char_send                         0x08004d21   Thumb Code    28  usart.o(i.USART1_char_send)
    USART2_IRQHandler                        0x08004d41   Thumb Code  1896  usart.o(i.USART2_IRQHandler)
    USART2_Init                              0x08005531   Thumb Code   162  usart.o(i.USART2_Init)
    USART2_Send_Arr                          0x080055dd   Thumb Code    50  usart.o(i.USART2_Send_Arr)
    USART2_Send_String                       0x08005615   Thumb Code    22  usart.o(i.USART2_Send_String)
    USART2_char_send                         0x0800562d   Thumb Code    28  usart.o(i.USART2_char_send)
    USART3_IRQHandler                        0x0800564d   Thumb Code   110  usart.o(i.USART3_IRQHandler)
    USART3_Init                              0x080056cd   Thumb Code   178  usart.o(i.USART3_Init)
    USART3_Send_Arr                          0x08005789   Thumb Code    30  usart.o(i.USART3_Send_Arr)
    USART3_Send_String                       0x080057a7   Thumb Code    22  usart.o(i.USART3_Send_String)
    USART3_Send_xbit                         0x080057bd   Thumb Code    50  usart.o(i.USART3_Send_xbit)
    USART3_char_send                         0x080057f1   Thumb Code    28  usart.o(i.USART3_char_send)
    USART_ClearFlag                          0x08005811   Thumb Code    18  stm32f10x_usart.o(i.USART_ClearFlag)
    USART_ClearITPendingBit                  0x08005823   Thumb Code    30  stm32f10x_usart.o(i.USART_ClearITPendingBit)
    USART_Cmd                                0x08005841   Thumb Code    24  stm32f10x_usart.o(i.USART_Cmd)
    USART_GetFlagStatus                      0x08005859   Thumb Code    26  stm32f10x_usart.o(i.USART_GetFlagStatus)
    USART_GetITStatus                        0x08005873   Thumb Code    84  stm32f10x_usart.o(i.USART_GetITStatus)
    USART_ITConfig                           0x080058c7   Thumb Code    74  stm32f10x_usart.o(i.USART_ITConfig)
    USART_Init                               0x08005911   Thumb Code   210  stm32f10x_usart.o(i.USART_Init)
    USART_ReceiveData                        0x080059e9   Thumb Code    10  stm32f10x_usart.o(i.USART_ReceiveData)
    USART_SendData                           0x080059f3   Thumb Code     8  stm32f10x_usart.o(i.USART_SendData)
    USart_CLR_RecvBuf                        0x080059fd   Thumb Code    72  usart.o(i.USart_CLR_RecvBuf)
    Uart1_SendAtCommand                      0x08005a5d   Thumb Code    38  usart.o(i.Uart1_SendAtCommand)
    Uart1_SendLR                             0x08005a89   Thumb Code    16  usart.o(i.Uart1_SendLR)
    Uart2_SendAtCommand                      0x08005a99   Thumb Code    38  usart.o(i.Uart2_SendAtCommand)
    Uart2_SendLR                             0x08005ac5   Thumb Code    10  usart.o(i.Uart2_SendLR)
    Uart3_SendLR                             0x08005acf   Thumb Code    16  usart.o(i.Uart3_SendLR)
    UsageFault_Handler                       0x08005adf   Thumb Code     4  stm32f10x_it.o(i.UsageFault_Handler)
    __0printf$5                              0x08005ae5   Thumb Code    22  printf5.o(i.__0printf$5)
    __1printf$5                              0x08005ae5   Thumb Code     0  printf5.o(i.__0printf$5)
    __2printf                                0x08005ae5   Thumb Code     0  printf5.o(i.__0printf$5)
    __0sprintf$5                             0x08005b05   Thumb Code    34  printf5.o(i.__0sprintf$5)
    __1sprintf$5                             0x08005b05   Thumb Code     0  printf5.o(i.__0sprintf$5)
    __2sprintf                               0x08005b05   Thumb Code     0  printf5.o(i.__0sprintf$5)
    __scatterload_copy                       0x08005b2d   Thumb Code    14  handlers.o(i.__scatterload_copy)
    __scatterload_null                       0x08005b3b   Thumb Code     2  handlers.o(i.__scatterload_null)
    __scatterload_zeroinit                   0x08005b3d   Thumb Code    14  handlers.o(i.__scatterload_zeroinit)
    delay_init                               0x08005e19   Thumb Code    50  delay.o(i.delay_init)
    delay_ms                                 0x08005e5d   Thumb Code    72  delay.o(i.delay_ms)
    delay_s                                  0x08005ea9   Thumb Code    24  delay.o(i.delay_s)
    fputc                                    0x08005ec1   Thumb Code    32  usart.o(i.fputc)
    itoi                                     0x08005ee5   Thumb Code    92  bluetooth.o(i.itoi)
    main                                     0x08005f4d   Thumb Code   152  main.o(i.main)
    raw_printf                               0x080062e3   Thumb Code    24  simpleprintf.o(i.raw_printf)
    usr_putc                                 0x080062fb   Thumb Code    12  simpleprintf.o(i.usr_putc)
    weak_BLUE_init                           0x08006307   Thumb Code    60  wakeup.o(i.weak_BLUE_init)
    write_mac_name                           0x08006345   Thumb Code   172  communication_to_app.o(i.write_mac_name)
    write_name_mac                           0x080063f5   Thumb Code   124  communication_to_app.o(i.write_name_mac)
    table_week                               0x08006474   Data          12  rtc.o(.constdata)
    mon_table                                0x08006480   Data          12  rtc.o(.constdata)
    Region$$Table$$Base                      0x080064a4   Number         0  anon$$obj.o(Region$$Table)
    Region$$Table$$Limit                     0x080064c4   Number         0  anon$$obj.o(Region$$Table)
    TimingDelay                              0x20000000   Data           2  stm32f10x_it.o(.data)
    SystemCoreClock                          0x20000004   Data           4  system_stm32f10x.o(.data)
    AHBPrescTable                            0x20000008   Data          16  system_stm32f10x.o(.data)
    NB_time                                  0x20000030   Data           2  nb.o(.data)
    NB_SendData_flag                         0x20000032   Data           1  nb.o(.data)
    NB_ReceveData_flag                       0x20000033   Data           1  nb.o(.data)
    NB_AT_Num                                0x20000034   Data           1  nb.o(.data)
    NB_ReceveData_Failed_Flag                0x20000035   Data           1  nb.o(.data)
    NB_Close_Power_time                      0x20000036   Data           2  nb.o(.data)
    CurrentTim                               0x20000038   Data           6  nb.o(.data)
    StringTime                               0x20000046   Data           2  usart.o(.data)
    StringTimeTempt                          0x20000048   Data           1  usart.o(.data)
    PrintfFlag                               0x20000049   Data           1  usart.o(.data)
    USART1_RX_Count                          0x2000004a   Data           1  usart.o(.data)
    USART2_RX_Count                          0x2000004b   Data           1  usart.o(.data)
    USART3_RX_Count                          0x2000004c   Data           1  usart.o(.data)
    KEYStruct                                0x2000004e   Data           8  key.o(.data)
    Blue_time                                0x20000058   Data           2  bluetooth.o(.data)
    Blue_SendData_Flag                       0x2000005a   Data           1  bluetooth.o(.data)
    Blue_ReceveData_Flag                     0x2000005b   Data           1  bluetooth.o(.data)
    Blue_AT_num                              0x2000005c   Data           1  bluetooth.o(.data)
    Blue_ReceveData_fail_Flag                0x2000005d   Data           1  bluetooth.o(.data)
    CONNECT_NAME_uint                        0x2000005e   Data           7  bluetooth.o(.data)
    BlueConnectStruct                        0x20000066   Data           4  bluetooth.o(.data)
    yici                                     0x2000006a   Data           1  bluedata_deal.o(.data)
    string_12_num                            0x2000006b   Data           1  bluedata_deal.o(.data)
    string_14_num                            0x2000006c   Data           1  bluedata_deal.o(.data)
    string_14_num_2                          0x2000006d   Data           1  bluedata_deal.o(.data)
    ReceivMAC_Flag                           0x2000006e   Data           1  bluedata_deal.o(.data)
    k                                        0x2000006f   Data           1  bluedata_deal.o(.data)
    T                                        0x20000070   Data           1  bluedata_deal.o(.data)
    Connect_Fail_Struct                      0x20000071   Data           2  bluedata_deal.o(.data)
    OLEDStruct                               0x20000074   Data           1  oled.o(.data)
    fontaddr                                 0x20000078   Data           4  oled.o(.data)
    Sleep_Mode_Struct                        0x2000007c   Data           4  sleepmode.o(.data)
    Sleep_Jishi_Struct                       0x20000080   Data           8  rtc.o(.data)
    __stdout                                 0x2000008c   Data           4  stdout.o(.data)
    NB_Struct                                0x20000090   Data         517  nb.o(.bss)
    Device_information_char_Buff             0x20000295   Data          50  nb.o(.bss)
    Device_information_u8_Buff               0x200002c7   Data          50  nb.o(.bss)
    GTM_Time                                 0x200002fc   Data          44  nb.o(.bss)
    USART1_RX_Buff                           0x2000035c   Data         255  usart.o(.bss)
    USART2_RX_Buff                           0x2000045b   Data         255  usart.o(.bss)
    USART3_RX_Buff                           0x2000055a   Data         255  usart.o(.bss)
    CommunicationStruct                      0x2000065a   Data         398  usart.o(.bss)
    BlueDataRceiveModeStruct                 0x200007e8   Data         864  usart.o(.bss)
    tempt1_Read_MAC                          0x20000b48   Data         230  bluedata_deal.o(.bss)
    tempt2_Read_NAME                         0x20000c2e   Data         230  bluedata_deal.o(.bss)
    tempt3_Read_MAC                          0x20000d14   Data         120  bluedata_deal.o(.bss)
    tempt4_Read_NAME                         0x20000d8c   Data         140  bluedata_deal.o(.bss)
    tempt5_Read_MAC                          0x20000e18   Data         120  bluedata_deal.o(.bss)
    tempt6_Read_NAME                         0x20000e90   Data         140  bluedata_deal.o(.bss)
    tempt7_Read_MAC                          0x20000f1c   Data         120  bluedata_deal.o(.bss)
    tempt8_Read_NAME                         0x20000f94   Data         140  bluedata_deal.o(.bss)
    BlueNAME                                 0x20001020   Data         255  bluedata_deal.o(.bss)
    BlueMAC                                  0x2000111f   Data         216  bluedata_deal.o(.bss)
    CurrentNAME_String                       0x200011f7   Data          14  bluedata_deal.o(.bss)
    CurrentMAC_String                        0x20001205   Data          12  bluedata_deal.o(.bss)
    Connect_Fail_NAME_Buff                   0x20001211   Data         255  bluedata_deal.o(.bss)
    Connect_Fail_MAC_Buff                    0x20001310   Data         255  bluedata_deal.o(.bss)
    Fail_NAME                                0x2000140f   Data          14  bluedata_deal.o(.bss)
    Fail_MAC                                 0x2000141d   Data          12  bluedata_deal.o(.bss)
    ReadBuff                                 0x20001429   Data          30  bluedata_deal.o(.bss)
    StringConvert16_BlueNAME                 0x20001447   Data         216  bluedata_deal.o(.bss)
    ConnectBlueStruct                        0x20001520   Data          28  bluedata_deal.o(.bss)
    Work_Struct                              0x2000153c   Data          28  wakeup.o(.bss)
    calendar                                 0x20001558   Data          10  rtc.o(.bss)
    FLASH_Struct                             0x20001562   Data         488  flash.o(.bss)
    STMFLASH_BUF                             0x2000174a   Data        1024  flash.o(.bss)
    __initial_sp                             0x20001f50   Data           0  startup_stm32f10x_hd.o(STACK)



==============================================================================

Memory Map of the image

  Image Entry point : 0x08000145

  Load Region LR_1 (Base: 0x08000000, Size: 0x00006554, Max: 0xffffffff, ABSOLUTE)

    Execution Region ER_RO (Exec base: 0x08000000, Load base: 0x08000000, Size: 0x000064c4, Max: 0xffffffff, ABSOLUTE)

    Exec Addr    Load Addr    Size         Type   Attr      Idx    E Section Name        Object

    0x08000000   0x08000000   0x00000130   Data   RO          398    RESET               startup_stm32f10x_hd.o
    0x08000130   0x08000130   0x00000000   Code   RO         4612  * .ARM.Collect$$$$00000000  mc_w.l(entry.o)
    0x08000130   0x08000130   0x00000004   Code   RO         4901    .ARM.Collect$$$$00000001  mc_w.l(entry2.o)
    0x08000134   0x08000134   0x00000004   Code   RO         4904    .ARM.Collect$$$$00000004  mc_w.l(entry5.o)
    0x08000138   0x08000138   0x00000000   Code   RO         4906    .ARM.Collect$$$$00000008  mc_w.l(entry7b.o)
    0x08000138   0x08000138   0x00000000   Code   RO         4908    .ARM.Collect$$$$0000000A  mc_w.l(entry8b.o)
    0x08000138   0x08000138   0x00000008   Code   RO         4909    .ARM.Collect$$$$0000000B  mc_w.l(entry9a.o)
    0x08000140   0x08000140   0x00000000   Code   RO         4911    .ARM.Collect$$$$0000000D  mc_w.l(entry10a.o)
    0x08000140   0x08000140   0x00000000   Code   RO         4913    .ARM.Collect$$$$0000000F  mc_w.l(entry11a.o)
    0x08000140   0x08000140   0x00000004   Code   RO         4902    .ARM.Collect$$$$00002712  mc_w.l(entry2.o)
    0x08000144   0x08000144   0x0000001c   Code   RO          399  * .text               startup_stm32f10x_hd.o
    0x08000160   0x08000160   0x0000008c   Code   RO         4618    .text               mc_w.l(localtime_r.o)
    0x080001ec   0x080001ec   0x000000a8   Code   RO         4621    .text               mc_w.l(mktime.o)
    0x08000294   0x08000294   0x00000024   Code   RO         4624    .text               mc_w.l(memseta.o)
    0x080002b8   0x080002b8   0x00000018   Code   RO         4626    .text               mc_w.l(strcat.o)
    0x080002d0   0x080002d0   0x00000024   Code   RO         4628    .text               mc_w.l(strstr.o)
    0x080002f4   0x080002f4   0x0000000e   Code   RO         4630    .text               mc_w.l(strlen.o)
    0x08000302   0x08000302   0x00000012   Code   RO         4632    .text               mc_w.l(strcpy.o)
    0x08000314   0x08000314   0x00000062   Code   RO         4918    .text               mc_w.l(uldiv.o)
    0x08000376   0x08000376   0x00000002   PAD
    0x08000378   0x08000378   0x00000024   Code   RO         4934    .text               mc_w.l(init.o)
    0x0800039c   0x0800039c   0x0000001e   Code   RO         4936    .text               mc_w.l(llshl.o)
    0x080003ba   0x080003ba   0x00000020   Code   RO         4938    .text               mc_w.l(llushr.o)
    0x080003da   0x080003da   0x00000002   PAD
    0x080003dc   0x080003dc   0x00000074   Code   RO         4216    i.APP_TO_JZQ_CB_RETURN  communication_to_app.o
    0x08000450   0x08000450   0x000001c4   Code   RO         4217    i.APP_To_BlueScan   communication_to_app.o
    0x08000614   0x08000614   0x00000058   Code   RO         4087    i.AscillToString    bluedata_deal.o
    0x0800066c   0x0800066c   0x00000034   Code   RO         4417    i.BEEP_GPIO_Init    beep.o
    0x080006a0   0x080006a0   0x00000040   Code   RO         4418    i.BEEP_ON           beep.o
    0x080006e0   0x080006e0   0x00000010   Code   RO          663    i.BKP_DeInit        stm32f10x_bkp.o
    0x080006f0   0x080006f0   0x0000001c   Code   RO          668    i.BKP_ReadBackupRegister  stm32f10x_bkp.o
    0x0800070c   0x0800070c   0x0000001c   Code   RO          672    i.BKP_WriteBackupRegister  stm32f10x_bkp.o
    0x08000728   0x08000728   0x0000000c   Code   RO         3905    i.BLUE_EN_DISABLE   bluetooth.o
    0x08000734   0x08000734   0x0000000c   Code   RO         3906    i.BLUE_EN_ENABLE    bluetooth.o
    0x08000740   0x08000740   0x00000088   Code   RO         3907    i.BLUE_GPIO_Init    bluetooth.o
    0x080007c8   0x080007c8   0x0000000c   Code   RO         3908    i.BLUE_POWER_CLOSE  bluetooth.o
    0x080007d4   0x080007d4   0x0000000c   Code   RO         3909    i.BLUE_POWER_OPEN   bluetooth.o
    0x080007e0   0x080007e0   0x00000028   Code   RO         3913    i.Blue_Flag_Init    bluetooth.o
    0x08000808   0x08000808   0x00000268   Code   RO         3914    i.Blue_S_AT_Config  bluetooth.o
    0x08000a70   0x08000a70   0x00000004   Code   RO          186    i.BusFault_Handler  stm32f10x_it.o
    0x08000a74   0x08000a74   0x00000020   Code   RO         4089    i.CS_Check          bluedata_deal.o
    0x08000a94   0x08000a94   0x00000084   Code   RO         4090    i.Check_MAC         bluedata_deal.o
    0x08000b18   0x08000b18   0x00000078   Code   RO         4218    i.Clear_NAME_MAC    communication_to_app.o
    0x08000b90   0x08000b90   0x00000490   Code   RO         4091    i.Connect_Blue_Read_Data  bluedata_deal.o
    0x08001020   0x08001020   0x00000174   Code   RO         4092    i.Connect_Fail_Deal  bluedata_deal.o
    0x08001194   0x08001194   0x00000002   Code   RO          187    i.DebugMon_Handler  stm32f10x_it.o
    0x08001196   0x08001196   0x00000002   PAD
    0x08001198   0x08001198   0x00000068   Code   RO         4219    i.Determine_Deveice  communication_to_app.o
    0x08001200   0x08001200   0x00000110   Code   RO         3376    i.Deveice_Display   systerm_init.o
    0x08001310   0x08001310   0x0000000c   Code   RO         1201    i.EXTI_ClearITPendingBit  stm32f10x_exti.o
    0x0800131c   0x0800131c   0x00000094   Code   RO         1206    i.EXTI_Init         stm32f10x_exti.o
    0x080013b0   0x080013b0   0x00000074   Code   RO         4220    i.Error_Return      communication_to_app.o
    0x08001424   0x08001424   0x0000004c   Code   RO         1259    i.FLASH_ErasePage   stm32f10x_flash.o
    0x08001470   0x08001470   0x00000034   Code   RO         1260    i.FLASH_GetBank1Status  stm32f10x_flash.o
    0x080014a4   0x080014a4   0x00000014   Code   RO         1269    i.FLASH_Lock        stm32f10x_flash.o
    0x080014b8   0x080014b8   0x00000040   Code   RO         1272    i.FLASH_ProgramHalfWord  stm32f10x_flash.o
    0x080014f8   0x080014f8   0x00000018   Code   RO         1277    i.FLASH_Unlock      stm32f10x_flash.o
    0x08001510   0x08001510   0x00000026   Code   RO         1281    i.FLASH_WaitForLastOperation  stm32f10x_flash.o
    0x08001536   0x08001536   0x00000116   Code   RO         1554    i.GPIO_Init         stm32f10x_gpio.o
    0x0800164c   0x0800164c   0x00000090   Code   RO         1556    i.GPIO_PinRemapConfig  stm32f10x_gpio.o
    0x080016dc   0x080016dc   0x00000012   Code   RO         1558    i.GPIO_ReadInputDataBit  stm32f10x_gpio.o
    0x080016ee   0x080016ee   0x00000004   Code   RO         1561    i.GPIO_ResetBits    stm32f10x_gpio.o
    0x080016f2   0x080016f2   0x00000004   Code   RO         1562    i.GPIO_SetBits      stm32f10x_gpio.o
    0x080016f6   0x080016f6   0x00000002   PAD
    0x080016f8   0x080016f8   0x00000080   Code   RO         3406    i.GTM_ConversionUTC  nb.o
    0x08001778   0x08001778   0x00000044   Code   RO         4306    i.Get_data_from_ROM  oled.o
    0x080017bc   0x080017bc   0x00000050   Code   RO         4096    i.HEXArrayToStringArray  bluedata_deal.o
    0x0800180c   0x0800180c   0x00000004   Code   RO          188    i.HardFault_Handler  stm32f10x_it.o
    0x08001810   0x08001810   0x0000003a   Code   RO         4501    i.Is_Leap_Year      rtc.o
    0x0800184a   0x0800184a   0x00000002   PAD
    0x0800184c   0x0800184c   0x00000074   Code   RO         4221    i.JZQ_Write_NAME_MAC  communication_to_app.o
    0x080018c0   0x080018c0   0x0000002c   Code   RO         3837    i.KEY_GPIO_Init     key.o
    0x080018ec   0x080018ec   0x000000a4   Code   RO         3839    i.KEY_Scan          key.o
    0x08001990   0x08001990   0x00000088   Code   RO         4222    i.KEY_Set_Blue_S_Mode  communication_to_app.o
    0x08001a18   0x08001a18   0x00000038   Code   RO         3813    i.LED_GPIO_Init     led.o
    0x08001a50   0x08001a50   0x00000018   Code   RO         3377    i.LED_Init          systerm_init.o
    0x08001a68   0x08001a68   0x00000050   Code   RO         3814    i.LEDn_OFF          led.o
    0x08001ab8   0x08001ab8   0x00000050   Code   RO         3815    i.LEDn_ON           led.o
    0x08001b08   0x08001b08   0x00000004   Code   RO          189    i.MemManage_Handler  stm32f10x_it.o
    0x08001b0c   0x08001b0c   0x000000b4   Code   RO         3378    i.NB_ALL_Flag_Init  systerm_init.o
    0x08001bc0   0x08001bc0   0x00000790   Code   RO         3407    i.NB_Bard_AT_Send   nb.o
    0x08002350   0x08002350   0x00000028   Code   RO         3408    i.NB_Flag_Init      nb.o
    0x08002378   0x08002378   0x00000038   Code   RO         3409    i.NB_GPIO_Init      nb.o
    0x080023b0   0x080023b0   0x0000001c   Code   RO         3410    i.NB_INIT           nb.o
    0x080023cc   0x080023cc   0x00000028   Code   RO         3411    i.NB_Iot_AT_Send    nb.o
    0x080023f4   0x080023f4   0x000003b8   Code   RO         3414    i.NB_UPDATE_DATA    nb.o
    0x080027ac   0x080027ac   0x00000040   Code   RO         3415    i.NB_Update_Data    nb.o
    0x080027ec   0x080027ec   0x00000002   Code   RO          190    i.NMI_Handler       stm32f10x_it.o
    0x080027ee   0x080027ee   0x00000002   PAD
    0x080027f0   0x080027f0   0x00000070   Code   RO          403    i.NVIC_Init         misc.o
    0x08002860   0x08002860   0x00000014   Code   RO          404    i.NVIC_PriorityGroupConfig  misc.o
    0x08002874   0x08002874   0x0000003e   Code   RO         4307    i.OLED_Clear        oled.o
    0x080028b2   0x080028b2   0x0000001c   Code   RO         4308    i.OLED_ColorTurn    oled.o
    0x080028ce   0x080028ce   0x0000002c   Code   RO         4309    i.OLED_DisplayTurn  oled.o
    0x080028fa   0x080028fa   0x00000042   Code   RO         4311    i.OLED_Display_16x16  oled.o
    0x0800293c   0x0800293c   0x0000003a   Code   RO         4313    i.OLED_Display_8x16  oled.o
    0x08002976   0x08002976   0x00000002   PAD
    0x08002978   0x08002978   0x00000174   Code   RO         4314    i.OLED_Display_GB2312_string  oled.o
    0x08002aec   0x08002aec   0x00000140   Code   RO         4316    i.OLED_Init         oled.o
    0x08002c2c   0x08002c2c   0x00000078   Code   RO         4318    i.OLED_WR_Byte      oled.o
    0x08002ca4   0x08002ca4   0x0000002e   Code   RO         4319    i.OLED_address      oled.o
    0x08002cd2   0x08002cd2   0x00000002   PAD
    0x08002cd4   0x08002cd4   0x0000005c   Code   RO         4320    i.OLED_get_data_from_ROM  oled.o
    0x08002d30   0x08002d30   0x0000000c   Code   RO         1908    i.PWR_BackupAccessCmd  stm32f10x_pwr.o
    0x08002d3c   0x08002d3c   0x00000014   Code   RO         1909    i.PWR_ClearFlag     stm32f10x_pwr.o
    0x08002d50   0x08002d50   0x00000018   Code   RO         1914    i.PWR_GetFlagStatus  stm32f10x_pwr.o
    0x08002d68   0x08002d68   0x00000002   Code   RO          191    i.PendSV_Handler    stm32f10x_it.o
    0x08002d6a   0x08002d6a   0x00000002   PAD
    0x08002d6c   0x08002d6c   0x00000020   Code   RO         1976    i.RCC_APB1PeriphClockCmd  stm32f10x_rcc.o
    0x08002d8c   0x08002d8c   0x00000020   Code   RO         1978    i.RCC_APB2PeriphClockCmd  stm32f10x_rcc.o
    0x08002dac   0x08002dac   0x0000000c   Code   RO         1981    i.RCC_BackupResetCmd  stm32f10x_rcc.o
    0x08002db8   0x08002db8   0x000000d8   Code   RO         1986    i.RCC_GetClocksFreq  stm32f10x_rcc.o
    0x08002e90   0x08002e90   0x0000003c   Code   RO         1987    i.RCC_GetFlagStatus  stm32f10x_rcc.o
    0x08002ecc   0x08002ecc   0x00000034   Code   RO         1994    i.RCC_LSEConfig     stm32f10x_rcc.o
    0x08002f00   0x08002f00   0x0000000c   Code   RO         2001    i.RCC_RTCCLKCmd     stm32f10x_rcc.o
    0x08002f0c   0x08002f0c   0x00000010   Code   RO         2002    i.RCC_RTCCLKConfig  stm32f10x_rcc.o
    0x08002f1c   0x08002f1c   0x00000050   Code   RO         4502    i.RTCAlarm_IRQHandler  rtc.o
    0x08002f6c   0x08002f6c   0x00000010   Code   RO         2175    i.RTC_ClearITPendingBit  stm32f10x_rtc.o
    0x08002f7c   0x08002f7c   0x00000014   Code   RO         2176    i.RTC_EnterConfigMode  stm32f10x_rtc.o
    0x08002f90   0x08002f90   0x00000014   Code   RO         2177    i.RTC_ExitConfigMode  stm32f10x_rtc.o
    0x08002fa4   0x08002fa4   0x00000100   Code   RO         4504    i.RTC_Get           rtc.o
    0x080030a4   0x080030a4   0x00000014   Code   RO         2178    i.RTC_GetCounter    stm32f10x_rtc.o
    0x080030b8   0x080030b8   0x00000024   Code   RO         2181    i.RTC_GetITStatus   stm32f10x_rtc.o
    0x080030dc   0x080030dc   0x00000078   Code   RO         4505    i.RTC_Get_Week      rtc.o
    0x08003154   0x08003154   0x0000006c   Code   RO         4506    i.RTC_IRQHandler    rtc.o
    0x080031c0   0x080031c0   0x00000020   Code   RO         2182    i.RTC_ITConfig      stm32f10x_rtc.o
    0x080031e0   0x080031e0   0x000000c0   Code   RO         4507    i.RTC_Init          rtc.o
    0x080032a0   0x080032a0   0x00000062   Code   RO         4508    i.RTC_NVIC_Config   rtc.o
    0x08003302   0x08003302   0x00000002   PAD
    0x08003304   0x08003304   0x000000c8   Code   RO         4509    i.RTC_Set           rtc.o
    0x080033cc   0x080033cc   0x0000001c   Code   RO         2184    i.RTC_SetCounter    stm32f10x_rtc.o
    0x080033e8   0x080033e8   0x00000020   Code   RO         2185    i.RTC_SetPrescaler  stm32f10x_rtc.o
    0x08003408   0x08003408   0x00000014   Code   RO         2186    i.RTC_WaitForLastTask  stm32f10x_rtc.o
    0x0800341c   0x0800341c   0x00000024   Code   RO         2187    i.RTC_WaitForSynchro  stm32f10x_rtc.o
    0x08003440   0x08003440   0x0000012c   Code   RO         4097    i.Read_Data_Send    bluedata_deal.o
    0x0800356c   0x0800356c   0x000001fc   Code   RO         4098    i.Read_Data_Update  bluedata_deal.o
    0x08003768   0x08003768   0x000000ec   Code   RO         4223    i.Read_Device_information  communication_to_app.o
    0x08003854   0x08003854   0x000000ec   Code   RO         4224    i.Read_JZQ_IP_COM   communication_to_app.o
    0x08003940   0x08003940   0x00000068   Code   RO         4099    i.Read_Meter_19Protocol  bluedata_deal.o
    0x080039a8   0x080039a8   0x000001b0   Code   RO         4100    i.Read_NAME_AND_NAME  bluedata_deal.o
    0x08003b58   0x08003b58   0x0000017c   Code   RO         4225    i.Read_name_mac     communication_to_app.o
    0x08003cd4   0x08003cd4   0x00000022   Code   RO         4570    i.STMFLASH_Read     flash.o
    0x08003cf6   0x08003cf6   0x00000006   Code   RO         4571    i.STMFLASH_ReadHalfWord  flash.o
    0x08003cfc   0x08003cfc   0x000000e8   Code   RO         4572    i.STMFLASH_Write    flash.o
    0x08003de4   0x08003de4   0x00000026   Code   RO         4573    i.STMFLASH_Write_NoCheck  flash.o
    0x08003e0a   0x08003e0a   0x00000002   Code   RO          192    i.SVC_Handler       stm32f10x_it.o
    0x08003e0c   0x08003e0c   0x00000084   Code   RO         3379    i.SYSTERM_INIT      systerm_init.o
    0x08003e90   0x08003e90   0x00000164   Code   RO         4101    i.SaveMAC_NAME      bluedata_deal.o
    0x08003ff4   0x08003ff4   0x0000007c   Code   RO         4226    i.Scan_Answer       communication_to_app.o
    0x08004070   0x08004070   0x0000004c   Code   RO         4321    i.Send_Command_to_ROM  oled.o
    0x080040bc   0x080040bc   0x00000008   Code   RO          287    i.SetSysClock       system_stm32f10x.o
    0x080040c4   0x080040c4   0x000000e0   Code   RO          288    i.SetSysClockTo48   system_stm32f10x.o
    0x080041a4   0x080041a4   0x00000070   Code   RO         4227    i.Set_JZQ_IP_Return  communication_to_app.o
    0x08004214   0x08004214   0x00000094   Code   RO         4102    i.StringArrayToHEXArray  bluedata_deal.o
    0x080042a8   0x080042a8   0x00000096   Code   RO         4103    i.StringToBytes     bluedata_deal.o
    0x0800433e   0x0800433e   0x00000028   Code   RO          407    i.SysTick_CLKSourceConfig  misc.o
    0x08004366   0x08004366   0x00000002   PAD
    0x08004368   0x08004368   0x0000001c   Code   RO          194    i.SysTick_Handler   stm32f10x_it.o
    0x08004384   0x08004384   0x00000060   Code   RO          290    i.SystemInit        system_stm32f10x.o
    0x080043e4   0x080043e4   0x000000ec   Code   RO         3867    i.TIM3_IRQHandler   nb_time.o
    0x080044d0   0x080044d0   0x00000060   Code   RO         3868    i.TIM3_Init         nb_time.o
    0x08004530   0x08004530   0x000000c0   Code   RO         4059    i.TIM4_IRQHandler   blue_time.o
    0x080045f0   0x080045f0   0x00000060   Code   RO         4060    i.TIM4_Init         blue_time.o
    0x08004650   0x08004650   0x00000006   Code   RO         2605    i.TIM_ClearITPendingBit  stm32f10x_tim.o
    0x08004656   0x08004656   0x00000018   Code   RO         2610    i.TIM_Cmd           stm32f10x_tim.o
    0x0800466e   0x0800466e   0x00000022   Code   RO         2631    i.TIM_GetITStatus   stm32f10x_tim.o
    0x08004690   0x08004690   0x00000012   Code   RO         2635    i.TIM_ITConfig      stm32f10x_tim.o
    0x080046a2   0x080046a2   0x00000002   PAD
    0x080046a4   0x080046a4   0x000000a4   Code   RO         2681    i.TIM_TimeBaseInit  stm32f10x_tim.o
    0x08004748   0x08004748   0x000003b8   Code   RO         4104    i.Take_Out_NAME_MAC  bluedata_deal.o
    0x08004b00   0x08004b00   0x00000018   Code   RO          195    i.TimingDelay_Decrement  stm32f10x_it.o
    0x08004b18   0x08004b18   0x00000140   Code   RO         3635    i.USART1_IRQHandler  usart.o
    0x08004c58   0x08004c58   0x000000b0   Code   RO         3636    i.USART1_Init       usart.o
    0x08004d08   0x08004d08   0x00000016   Code   RO         3638    i.USART1_Send_String  usart.o
    0x08004d1e   0x08004d1e   0x00000002   PAD
    0x08004d20   0x08004d20   0x00000020   Code   RO         3639    i.USART1_char_send  usart.o
    0x08004d40   0x08004d40   0x000007f0   Code   RO         3640    i.USART2_IRQHandler  usart.o
    0x08005530   0x08005530   0x000000ac   Code   RO         3641    i.USART2_Init       usart.o
    0x080055dc   0x080055dc   0x00000038   Code   RO         3642    i.USART2_Send_Arr   usart.o
    0x08005614   0x08005614   0x00000016   Code   RO         3643    i.USART2_Send_String  usart.o
    0x0800562a   0x0800562a   0x00000002   PAD
    0x0800562c   0x0800562c   0x00000020   Code   RO         3644    i.USART2_char_send  usart.o
    0x0800564c   0x0800564c   0x00000080   Code   RO         3645    i.USART3_IRQHandler  usart.o
    0x080056cc   0x080056cc   0x000000bc   Code   RO         3646    i.USART3_Init       usart.o
    0x08005788   0x08005788   0x0000001e   Code   RO         3647    i.USART3_Send_Arr   usart.o
    0x080057a6   0x080057a6   0x00000016   Code   RO         3648    i.USART3_Send_String  usart.o
    0x080057bc   0x080057bc   0x00000032   Code   RO         3649    i.USART3_Send_xbit  usart.o
    0x080057ee   0x080057ee   0x00000002   PAD
    0x080057f0   0x080057f0   0x00000020   Code   RO         3650    i.USART3_char_send  usart.o
    0x08005810   0x08005810   0x00000012   Code   RO         3142    i.USART_ClearFlag   stm32f10x_usart.o
    0x08005822   0x08005822   0x0000001e   Code   RO         3143    i.USART_ClearITPendingBit  stm32f10x_usart.o
    0x08005840   0x08005840   0x00000018   Code   RO         3146    i.USART_Cmd         stm32f10x_usart.o
    0x08005858   0x08005858   0x0000001a   Code   RO         3149    i.USART_GetFlagStatus  stm32f10x_usart.o
    0x08005872   0x08005872   0x00000054   Code   RO         3150    i.USART_GetITStatus  stm32f10x_usart.o
    0x080058c6   0x080058c6   0x0000004a   Code   RO         3152    i.USART_ITConfig    stm32f10x_usart.o
    0x08005910   0x08005910   0x000000d8   Code   RO         3153    i.USART_Init        stm32f10x_usart.o
    0x080059e8   0x080059e8   0x0000000a   Code   RO         3160    i.USART_ReceiveData  stm32f10x_usart.o
    0x080059f2   0x080059f2   0x00000008   Code   RO         3163    i.USART_SendData    stm32f10x_usart.o
    0x080059fa   0x080059fa   0x00000002   PAD
    0x080059fc   0x080059fc   0x00000060   Code   RO         3651    i.USart_CLR_RecvBuf  usart.o
    0x08005a5c   0x08005a5c   0x0000002c   Code   RO         3652    i.Uart1_SendAtCommand  usart.o
    0x08005a88   0x08005a88   0x00000010   Code   RO         3653    i.Uart1_SendLR      usart.o
    0x08005a98   0x08005a98   0x0000002c   Code   RO         3654    i.Uart2_SendAtCommand  usart.o
    0x08005ac4   0x08005ac4   0x0000000a   Code   RO         3655    i.Uart2_SendLR      usart.o
    0x08005ace   0x08005ace   0x00000010   Code   RO         3657    i.Uart3_SendLR      usart.o
    0x08005ade   0x08005ade   0x00000004   Code   RO          196    i.UsageFault_Handler  stm32f10x_it.o
    0x08005ae2   0x08005ae2   0x00000002   PAD
    0x08005ae4   0x08005ae4   0x00000020   Code   RO         4769    i.__0printf$5       mc_w.l(printf5.o)
    0x08005b04   0x08005b04   0x00000028   Code   RO         4771    i.__0sprintf$5      mc_w.l(printf5.o)
    0x08005b2c   0x08005b2c   0x0000000e   Code   RO         4946    i.__scatterload_copy  mc_w.l(handlers.o)
    0x08005b3a   0x08005b3a   0x00000002   Code   RO         4947    i.__scatterload_null  mc_w.l(handlers.o)
    0x08005b3c   0x08005b3c   0x0000000e   Code   RO         4948    i.__scatterload_zeroinit  mc_w.l(handlers.o)
    0x08005b4a   0x08005b4a   0x00000002   PAD
    0x08005b4c   0x08005b4c   0x000002c0   Code   RO         4776    i._printf_core      mc_w.l(printf5.o)
    0x08005e0c   0x08005e0c   0x0000000a   Code   RO         4778    i._sputc            mc_w.l(printf5.o)
    0x08005e16   0x08005e16   0x00000002   PAD
    0x08005e18   0x08005e18   0x00000044   Code   RO          325    i.delay_init        delay.o
    0x08005e5c   0x08005e5c   0x0000004c   Code   RO          326    i.delay_ms          delay.o
    0x08005ea8   0x08005ea8   0x00000018   Code   RO          327    i.delay_s           delay.o
    0x08005ec0   0x08005ec0   0x00000024   Code   RO         3658    i.fputc             usart.o
    0x08005ee4   0x08005ee4   0x00000068   Code   RO         3916    i.itoi              bluetooth.o
    0x08005f4c   0x08005f4c   0x000000c8   Code   RO            1    i.main              main.o
    0x08006014   0x08006014   0x00000178   Code   RO         4000    i.print             simpleprintf.o
    0x0800618c   0x0800618c   0x0000001c   Code   RO         4001    i.printchar         simpleprintf.o
    0x080061a8   0x080061a8   0x000000ba   Code   RO         4002    i.printi            simpleprintf.o
    0x08006262   0x08006262   0x00000080   Code   RO         4003    i.prints            simpleprintf.o
    0x080062e2   0x080062e2   0x00000018   Code   RO         4004    i.raw_printf        simpleprintf.o
    0x080062fa   0x080062fa   0x0000000c   Code   RO         4007    i.usr_putc          simpleprintf.o
    0x08006306   0x08006306   0x0000003c   Code   RO         4437    i.weak_BLUE_init    wakeup.o
    0x08006342   0x08006342   0x00000002   PAD
    0x08006344   0x08006344   0x000000b0   Code   RO         4228    i.write_mac_name    communication_to_app.o
    0x080063f4   0x080063f4   0x00000080   Code   RO         4229    i.write_name_mac    communication_to_app.o
    0x08006474   0x08006474   0x00000018   Data   RO         4511    .constdata          rtc.o
    0x0800648c   0x0800648c   0x0000000c   Data   RO         4619    .constdata          mc_w.l(localtime_r.o)
    0x08006498   0x08006498   0x0000000c   Data   RO         4622    .constdata          mc_w.l(mktime.o)
    0x080064a4   0x080064a4   0x00000020   Data   RO         4944    Region$$Table       anon$$obj.o


    Execution Region ER_RW (Exec base: 0x20000000, Load base: 0x080064c4, Size: 0x00000090, Max: 0xffffffff, ABSOLUTE)

    Exec Addr    Load Addr    Size         Type   Attr      Idx    E Section Name        Object

    0x20000000   0x080064c4   0x00000002   Data   RW          197    .data               stm32f10x_it.o
    0x20000002   0x080064c6   0x00000002   PAD
    0x20000004   0x080064c8   0x00000014   Data   RW          291    .data               system_stm32f10x.o
    0x20000018   0x080064dc   0x00000004   Data   RW          329    .data               delay.o
    0x2000001c   0x080064e0   0x00000014   Data   RW         2006    .data               stm32f10x_rcc.o
    0x20000030   0x080064f4   0x00000015   Data   RW         3417    .data               nb.o
    0x20000045   0x08006509   0x00000001   PAD
    0x20000046   0x0800650a   0x00000007   Data   RW         3660    .data               usart.o
    0x2000004d   0x08006511   0x00000001   PAD
    0x2000004e   0x08006512   0x00000009   Data   RW         3840    .data               key.o
    0x20000057   0x0800651b   0x00000001   PAD
    0x20000058   0x0800651c   0x00000012   Data   RW         3918    .data               bluetooth.o
    0x2000006a   0x0800652e   0x00000009   Data   RW         4107    .data               bluedata_deal.o
    0x20000073   0x08006537   0x00000001   PAD
    0x20000074   0x08006538   0x00000008   Data   RW         4322    .data               oled.o
    0x2000007c   0x08006540   0x00000004   Data   RW         4474    .data               sleepmode.o
    0x20000080   0x08006544   0x0000000a   Data   RW         4512    .data               rtc.o
    0x2000008a   0x0800654e   0x00000002   PAD
    0x2000008c   0x08006550   0x00000004   Data   RW         4915    .data               mc_w.l(stdout.o)


    Execution Region ER_ZI (Exec base: 0x20000090, Load base: 0x08006554, Size: 0x00001ec0, Max: 0xffffffff, ABSOLUTE)

    Exec Addr    Load Addr    Size         Type   Attr      Idx    E Section Name        Object

    0x20000090        -       0x000002cc   Zero   RW         3416    .bss                nb.o
    0x2000035c        -       0x000007ec   Zero   RW         3659    .bss                usart.o
    0x20000b48        -       0x000009f4   Zero   RW         4106    .bss                bluedata_deal.o
    0x2000153c        -       0x0000001c   Zero   RW         4439    .bss                wakeup.o
    0x20001558        -       0x0000000a   Zero   RW         4510    .bss                rtc.o
    0x20001562        -       0x000005e8   Zero   RW         4575    .bss                flash.o
    0x20001b4a   0x08006554   0x00000006   PAD
    0x20001b50        -       0x00000400   Zero   RW          396    STACK               startup_stm32f10x_hd.o


==============================================================================

Image component sizes


      Code (inc. data)   RO Data    RW Data    ZI Data      Debug   Object Name

       116         14          0          0          0       1003   beep.o
       288         24          0          0          0       1190   blue_time.o
      4822        894          0          9       2548      15524   bluedata_deal.o
       944        268          0         18          0       6227   bluetooth.o
      2552        300          0          0          0       9520   communication_to_app.o
       168         22          0          4          0       1582   delay.o
       310         10          0          0       1512       3990   flash.o
       208         14          0          9          0       1835   key.o
       216         22          0          0          0       1397   led.o
       200         48          0          0          0     261339   main.o
       172         22          0          0          0       1905   misc.o
      3244        706          0         21        716     226217   nb.o
       332         52          0          0          0       1174   nb_time.o
      1352         42          0          8          0       8726   oled.o
      1112         50         24         10         10       6330   rtc.o
       754          8          0          0          0       5088   simpleprintf.o
         0          0          0          4          0        616   sleepmode.o
        28          4        304          0       1024        884   startup_stm32f10x_hd.o
        72         10          0          0          0       2532   stm32f10x_bkp.o
       160         12          0          0          0       1389   stm32f10x_exti.o
       274         30          0          0          0       3198   stm32f10x_flash.o
       448          6          0          0          0       4266   stm32f10x_gpio.o
        76         10          0          2          0       3980   stm32f10x_it.o
        56         16          0          0          0       1474   stm32f10x_pwr.o
       432         62          0         20          0       6778   stm32f10x_rcc.o
       260         48          0          0          0       4780   stm32f10x_rtc.o
       246         42          0          0          0       3322   stm32f10x_tim.o
       490          6          0          0          0       6981   stm32f10x_usart.o
         0          0          0          0          0         32   sys.o
       328         28          0         20          0       1893   system_stm32f10x.o
       608        208          0          0          0       2027   systerm_init.o
      3576        430          0          7       2028      18146   usart.o
        60          0          0          0         28       1339   wakeup.o

    ----------------------------------------------------------------------
     23936       3408        360        140       7872     616684   Object Totals
         0          0         32          0          0          0   (incl. Generated)
        32          0          0          8          6          0   (incl. Padding)

    ----------------------------------------------------------------------

      Code (inc. data)   RO Data    RW Data    ZI Data      Debug   Library Member Name

         0          0          0          0          0          0   entry.o
         0          0          0          0          0          0   entry10a.o
         0          0          0          0          0          0   entry11a.o
         8          4          0          0          0          0   entry2.o
         4          0          0          0          0          0   entry5.o
         0          0          0          0          0          0   entry7b.o
         0          0          0          0          0          0   entry8b.o
         8          4          0          0          0          0   entry9a.o
        30          0          0          0          0          0   handlers.o
        36          8          0          0          0         68   init.o
        30          0          0          0          0         68   llshl.o
        32          0          0          0          0         68   llushr.o
       140          6         12          0          0         76   localtime_r.o
        36          0          0          0          0        108   memseta.o
       168         18         12          0          0         80   mktime.o
       786         62          0          0          0        336   printf5.o
         0          0          0          4          0          0   stdout.o
        24          0          0          0          0         68   strcat.o
        18          0          0          0          0         68   strcpy.o
        14          0          0          0          0         68   strlen.o
        36          0          0          0          0         80   strstr.o
        98          0          0          0          0         92   uldiv.o

    ----------------------------------------------------------------------
      1476        102         24          4          0       1180   Library Totals
         8          0          0          0          0          0   (incl. Padding)

    ----------------------------------------------------------------------

      Code (inc. data)   RO Data    RW Data    ZI Data      Debug   Library Name

      1468        102         24          4          0       1180   mc_w.l

    ----------------------------------------------------------------------
      1476        102         24          4          0       1180   Library Totals

    ----------------------------------------------------------------------

==============================================================================


      Code (inc. data)   RO Data    RW Data    ZI Data      Debug   

     25412       3510        384        144       7872     608188   Grand Totals
     25412       3510        384        144       7872     608188   ELF Image Totals
     25412       3510        384        144          0          0   ROM Totals

==============================================================================

    Total RO  Size (Code + RO Data)                25796 (  25.19kB)
    Total RW  Size (RW Data + ZI Data)              8016 (   7.83kB)
    Total ROM Size (Code + RO Data + RW Data)      25940 (  25.33kB)

==============================================================================

